  Determinando los proyectos que se van a restaurar...
  Todos los proyectos est├ín actualizados para la restauraci├│n.
C:\Users\chotir\Documents\flashscore\MatchDetailWindow.xaml.cs(178,82): error CS1002: Se esperaba ; [C:\Users\chotir\Documents\flashscore\FlashscoreOverlay.csproj]
C:\Users\chotir\Documents\flashscore\MatchDetailWindow.xaml.cs(178,92): error CS1002: Se esperaba ; [C:\Users\chotir\Documents\flashscore\FlashscoreOverlay.csproj]
C:\Users\chotir\Documents\flashscore\MatchDetailWindow.xaml.cs(178,92): error CS1010: Nueva l├¡nea en constante [C:\Users\chotir\Documents\flashscore\FlashscoreOverlay.csproj]
C:\Users\chotir\Documents\flashscore\MatchDetailWindow.xaml.cs(178,93): error CS1002: Se esperaba ; [C:\Users\chotir\Documents\flashscore\FlashscoreOverlay.csproj]
C:\Users\chotir\Documents\flashscore\MatchDetailWindow.xaml.cs(180,31): error CS1519: Token ÔÇ£elseÔÇØ no v├ílido en una declaraci├│n de miembro [C:\Users\chotir\Documents\flashscore\FlashscoreOverlay.csproj]
C:\Users\chotir\Documents\flashscore\MatchDetailWindow.xaml.cs(180,40): error CS1031: Se esperaba un tipo [C:\Users\chotir\Documents\flashscore\FlashscoreOverlay.csproj]
C:\Users\chotir\Documents\flashscore\MatchDetailWindow.xaml.cs(180,40): error CS8124: Una tupla debe contener al menos dos elementos. [C:\Users\chotir\Documents\flashscore\FlashscoreOverlay.csproj]
C:\Users\chotir\Documents\flashscore\MatchDetailWindow.xaml.cs(180,40): error CS1026: Se esperaba ) [C:\Users\chotir\Documents\flashscore\FlashscoreOverlay.csproj]
C:\Users\chotir\Documents\flashscore\MatchDetailWindow.xaml.cs(180,40): error CS1519: Token ÔÇ£/ÔÇØ no v├ílido en una declaraci├│n de miembro [C:\Users\chotir\Documents\flashscore\FlashscoreOverlay.csproj]
C:\Users\chotir\Documents\flashscore\MatchDetailWindow.xaml.cs(180,49): error CS1519: Token ÔÇ£/ÔÇØ no v├ílido en una declaraci├│n de miembro [C:\Users\chotir\Documents\flashscore\FlashscoreOverlay.csproj]
C:\Users\chotir\Documents\flashscore\MatchDetailWindow.xaml.cs(180,56): error CS1519: Token ÔÇ£(ÔÇØ no v├ílido en una declaraci├│n de miembro [C:\Users\chotir\Documents\flashscore\FlashscoreOverlay.csproj]
C:\Users\chotir\Documents\flashscore\MatchDetailWindow.xaml.cs(180,65): error CS8124: Una tupla debe contener al menos dos elementos. [C:\Users\chotir\Documents\flashscore\FlashscoreOverlay.csproj]
C:\Users\chotir\Documents\flashscore\MatchDetailWindow.xaml.cs(180,66): error CS1519: Token ÔÇ£)ÔÇØ no v├ílido en una declaraci├│n de miembro [C:\Users\chotir\Documents\flashscore\FlashscoreOverlay.csproj]
C:\Users\chotir\Documents\flashscore\MatchDetailWindow.xaml.cs(181,40): error CS1519: Token ÔÇ£=ÔÇØ no v├ílido en una declaraci├│n de miembro [C:\Users\chotir\Documents\flashscore\FlashscoreOverlay.csproj]
C:\Users\chotir\Documents\flashscore\MatchDetailWindow.xaml.cs(181,42): error CS1012: Demasiados caracteres en literal de car├ícter [C:\Users\chotir\Documents\flashscore\FlashscoreOverlay.csproj]
C:\Users\chotir\Documents\flashscore\MatchDetailWindow.xaml.cs(182,40): error CS1519: Token ÔÇ£=ÔÇØ no v├ílido en una declaraci├│n de miembro [C:\Users\chotir\Documents\flashscore\FlashscoreOverlay.csproj]
C:\Users\chotir\Documents\flashscore\MatchDetailWindow.xaml.cs(183,31): error CS1022: Se esperaba una definici├│n de tipo o espacio de nombres, o el fin del archivo [C:\Users\chotir\Documents\flashscore\FlashscoreOverlay.csproj]
C:\Users\chotir\Documents\flashscore\MatchDetailWindow.xaml.cs(185,51): error CS1001: Se esperaba un identificador [C:\Users\chotir\Documents\flashscore\FlashscoreOverlay.csproj]
C:\Users\chotir\Documents\flashscore\MatchDetailWindow.xaml.cs(185,54): error CS8635: Secuencia de caracteres "..." inesperada. [C:\Users\chotir\Documents\flashscore\FlashscoreOverlay.csproj]
C:\Users\chotir\Documents\flashscore\MatchDetailWindow.xaml.cs(185,75): error CS1525: El t├®rmino de expresi├│n '/' no es v├ílido [C:\Users\chotir\Documents\flashscore\FlashscoreOverlay.csproj]
C:\Users\chotir\Documents\flashscore\MatchDetailWindow.xaml.cs(185,77): error CS1525: El t├®rmino de expresi├│n '' no es v├ílido [C:\Users\chotir\Documents\flashscore\FlashscoreOverlay.csproj]
C:\Users\chotir\Documents\flashscore\MatchDetailWindow.xaml.cs(185,77): error CS1026: Se esperaba ) [C:\Users\chotir\Documents\flashscore\FlashscoreOverlay.csproj]
C:\Users\chotir\Documents\flashscore\MatchDetailWindow.xaml.cs(185,77): error CS1056: Car├ícter '\' inesperado [C:\Users\chotir\Documents\flashscore\FlashscoreOverlay.csproj]
C:\Users\chotir\Documents\flashscore\MatchDetailWindow.xaml.cs(185,78): error CS1003: Error de sintaxis, se esperaba ',' [C:\Users\chotir\Documents\flashscore\FlashscoreOverlay.csproj]
C:\Users\chotir\Documents\flashscore\MatchDetailWindow.xaml.cs(185,80): error CS1525: El t├®rmino de expresi├│n ')' no es v├ílido [C:\Users\chotir\Documents\flashscore\FlashscoreOverlay.csproj]
C:\Users\chotir\Documents\flashscore\MatchDetailWindow.xaml.cs(185,81): error CS1003: Error de sintaxis, se esperaba ',' [C:\Users\chotir\Documents\flashscore\FlashscoreOverlay.csproj]
C:\Users\chotir\Documents\flashscore\MatchDetailWindow.xaml.cs(185,82): error CS1003: Error de sintaxis, se esperaba ',' [C:\Users\chotir\Documents\flashscore\FlashscoreOverlay.csproj]
C:\Users\chotir\Documents\flashscore\MatchDetailWindow.xaml.cs(185,83): error CS1525: El t├®rmino de expresi├│n '' no es v├ílido [C:\Users\chotir\Documents\flashscore\FlashscoreOverlay.csproj]
C:\Users\chotir\Documents\flashscore\MatchDetailWindow.xaml.cs(185,83): error CS1026: Se esperaba ) [C:\Users\chotir\Documents\flashscore\FlashscoreOverlay.csproj]
C:\Users\chotir\Documents\flashscore\MatchDetailWindow.xaml.cs(185,83): error CS1056: Car├ícter '\' inesperado [C:\Users\chotir\Documents\flashscore\FlashscoreOverlay.csproj]
C:\Users\chotir\Documents\flashscore\MatchDetailWindow.xaml.cs(185,84): error CS1003: Error de sintaxis, se esperaba ',' [C:\Users\chotir\Documents\flashscore\FlashscoreOverlay.csproj]
C:\Users\chotir\Documents\flashscore\MatchDetailWindow.xaml.cs(185,85): error CS1003: Error de sintaxis, se esperaba ',' [C:\Users\chotir\Documents\flashscore\FlashscoreOverlay.csproj]
C:\Users\chotir\Documents\flashscore\MatchDetailWindow.xaml.cs(185,86): error CS1003: Error de sintaxis, se esperaba ',' [C:\Users\chotir\Documents\flashscore\FlashscoreOverlay.csproj]
C:\Users\chotir\Documents\flashscore\MatchDetailWindow.xaml.cs(185,87): error CS1003: Error de sintaxis, se esperaba ']' [C:\Users\chotir\Documents\flashscore\FlashscoreOverlay.csproj]
C:\Users\chotir\Documents\flashscore\MatchDetailWindow.xaml.cs(185,87): error CS1002: Se esperaba ; [C:\Users\chotir\Documents\flashscore\FlashscoreOverlay.csproj]
C:\Users\chotir\Documents\flashscore\MatchDetailWindow.xaml.cs(185,88): error CS1022: Se esperaba una definici├│n de tipo o espacio de nombres, o el fin del archivo [C:\Users\chotir\Documents\flashscore\FlashscoreOverlay.csproj]
C:\Users\chotir\Documents\flashscore\MatchDetailWindow.xaml.cs(185,89): error CS8803: Las instrucciones de nivel superior deben preceder a las declaraciones de espacio de nombres y de tipos. [C:\Users\chotir\Documents\flashscore\FlashscoreOverlay.csproj]
C:\Users\chotir\Documents\flashscore\MatchDetailWindow.xaml.cs(185,89): error CS1525: El t├®rmino de expresi├│n '/' no es v├ílido [C:\Users\chotir\Documents\flashscore\FlashscoreOverlay.csproj]
C:\Users\chotir\Documents\flashscore\MatchDetailWindow.xaml.cs(185,91): error CS1002: Se esperaba ; [C:\Users\chotir\Documents\flashscore\FlashscoreOverlay.csproj]
C:\Users\chotir\Documents\flashscore\MatchDetailWindow.xaml.cs(185,91): error CS1022: Se esperaba una definici├│n de tipo o espacio de nombres, o el fin del archivo [C:\Users\chotir\Documents\flashscore\FlashscoreOverlay.csproj]
C:\Users\chotir\Documents\flashscore\MatchDetailWindow.xaml.cs(187,53): error CS1001: Se esperaba un identificador [C:\Users\chotir\Documents\flashscore\FlashscoreOverlay.csproj]
C:\Users\chotir\Documents\flashscore\MatchDetailWindow.xaml.cs(192,63): error CS1525: El t├®rmino de expresi├│n '' no es v├ílido [C:\Users\chotir\Documents\flashscore\FlashscoreOverlay.csproj]
C:\Users\chotir\Documents\flashscore\MatchDetailWindow.xaml.cs(192,63): error CS1002: Se esperaba ; [C:\Users\chotir\Documents\flashscore\FlashscoreOverlay.csproj]
C:\Users\chotir\Documents\flashscore\MatchDetailWindow.xaml.cs(192,63): error CS1056: Car├ícter '`' inesperado [C:\Users\chotir\Documents\flashscore\FlashscoreOverlay.csproj]
C:\Users\chotir\Documents\flashscore\MatchDetailWindow.xaml.cs(192,67): error CS1525: El t├®rmino de expresi├│n '' no es v├ílido [C:\Users\chotir\Documents\flashscore\FlashscoreOverlay.csproj]
C:\Users\chotir\Documents\flashscore\MatchDetailWindow.xaml.cs(192,67): error CS1002: Se esperaba ; [C:\Users\chotir\Documents\flashscore\FlashscoreOverlay.csproj]
C:\Users\chotir\Documents\flashscore\MatchDetailWindow.xaml.cs(192,67): error CS1056: Car├ícter '$' inesperado [C:\Users\chotir\Documents\flashscore\FlashscoreOverlay.csproj]
C:\Users\chotir\Documents\flashscore\MatchDetailWindow.xaml.cs(192,84): error CS1002: Se esperaba ; [C:\Users\chotir\Documents\flashscore\FlashscoreOverlay.csproj]
C:\Users\chotir\Documents\flashscore\MatchDetailWindow.xaml.cs(192,85): error CS1056: Car├ícter '`' inesperado [C:\Users\chotir\Documents\flashscore\FlashscoreOverlay.csproj]
C:\Users\chotir\Documents\flashscore\MatchDetailWindow.xaml.cs(192,87): error CS8641: ÔÇ£elseÔÇØ no puede iniciar una instrucci├│n. [C:\Users\chotir\Documents\flashscore\FlashscoreOverlay.csproj]
C:\Users\chotir\Documents\flashscore\MatchDetailWindow.xaml.cs(192,87): error CS1003: Error de sintaxis, se esperaba '(' [C:\Users\chotir\Documents\flashscore\FlashscoreOverlay.csproj]
C:\Users\chotir\Documents\flashscore\MatchDetailWindow.xaml.cs(192,87): error CS1525: El t├®rmino de expresi├│n 'else' no es v├ílido [C:\Users\chotir\Documents\flashscore\FlashscoreOverlay.csproj]
C:\Users\chotir\Documents\flashscore\MatchDetailWindow.xaml.cs(192,87): error CS1026: Se esperaba ) [C:\Users\chotir\Documents\flashscore\FlashscoreOverlay.csproj]
C:\Users\chotir\Documents\flashscore\MatchDetailWindow.xaml.cs(192,87): error CS1002: Se esperaba ; [C:\Users\chotir\Documents\flashscore\FlashscoreOverlay.csproj]
C:\Users\chotir\Documents\flashscore\MatchDetailWindow.xaml.cs(193,68): error CS1525: El t├®rmino de expresi├│n '' no es v├ílido [C:\Users\chotir\Documents\flashscore\FlashscoreOverlay.csproj]
C:\Users\chotir\Documents\flashscore\MatchDetailWindow.xaml.cs(193,68): error CS1002: Se esperaba ; [C:\Users\chotir\Documents\flashscore\FlashscoreOverlay.csproj]
C:\Users\chotir\Documents\flashscore\MatchDetailWindow.xaml.cs(193,68): error CS1056: Car├ícter '`' inesperado [C:\Users\chotir\Documents\flashscore\FlashscoreOverlay.csproj]
C:\Users\chotir\Documents\flashscore\MatchDetailWindow.xaml.cs(193,72): error CS1525: El t├®rmino de expresi├│n '' no es v├ílido [C:\Users\chotir\Documents\flashscore\FlashscoreOverlay.csproj]
C:\Users\chotir\Documents\flashscore\MatchDetailWindow.xaml.cs(193,72): error CS1002: Se esperaba ; [C:\Users\chotir\Documents\flashscore\FlashscoreOverlay.csproj]
C:\Users\chotir\Documents\flashscore\MatchDetailWindow.xaml.cs(193,72): error CS1056: Car├ícter '$' inesperado [C:\Users\chotir\Documents\flashscore\FlashscoreOverlay.csproj]
C:\Users\chotir\Documents\flashscore\MatchDetailWindow.xaml.cs(193,89): error CS1002: Se esperaba ; [C:\Users\chotir\Documents\flashscore\FlashscoreOverlay.csproj]
C:\Users\chotir\Documents\flashscore\MatchDetailWindow.xaml.cs(193,90): error CS1056: Car├ícter '`' inesperado [C:\Users\chotir\Documents\flashscore\FlashscoreOverlay.csproj]
C:\Users\chotir\Documents\flashscore\MatchDetailWindow.xaml.cs(193,92): error CS8641: ÔÇ£elseÔÇØ no puede iniciar una instrucci├│n. [C:\Users\chotir\Documents\flashscore\FlashscoreOverlay.csproj]
C:\Users\chotir\Documents\flashscore\MatchDetailWindow.xaml.cs(193,92): error CS1003: Error de sintaxis, se esperaba '(' [C:\Users\chotir\Documents\flashscore\FlashscoreOverlay.csproj]
C:\Users\chotir\Documents\flashscore\MatchDetailWindow.xaml.cs(193,92): error CS1525: El t├®rmino de expresi├│n 'else' no es v├ílido [C:\Users\chotir\Documents\flashscore\FlashscoreOverlay.csproj]
C:\Users\chotir\Documents\flashscore\MatchDetailWindow.xaml.cs(193,92): error CS1026: Se esperaba ) [C:\Users\chotir\Documents\flashscore\FlashscoreOverlay.csproj]
C:\Users\chotir\Documents\flashscore\MatchDetailWindow.xaml.cs(193,92): error CS1002: Se esperaba ; [C:\Users\chotir\Documents\flashscore\FlashscoreOverlay.csproj]
C:\Users\chotir\Documents\flashscore\MatchDetailWindow.xaml.cs(201,57): error CS1001: Se esperaba un identificador [C:\Users\chotir\Documents\flashscore\FlashscoreOverlay.csproj]
C:\Users\chotir\Documents\flashscore\MatchDetailWindow.xaml.cs(201,74): error CS1525: El t├®rmino de expresi├│n '/' no es v├ílido [C:\Users\chotir\Documents\flashscore\FlashscoreOverlay.csproj]
C:\Users\chotir\Documents\flashscore\MatchDetailWindow.xaml.cs(201,76): error CS1525: El t├®rmino de expresi├│n '' no es v├ílido [C:\Users\chotir\Documents\flashscore\FlashscoreOverlay.csproj]
C:\Users\chotir\Documents\flashscore\MatchDetailWindow.xaml.cs(201,76): error CS1026: Se esperaba ) [C:\Users\chotir\Documents\flashscore\FlashscoreOverlay.csproj]
C:\Users\chotir\Documents\flashscore\MatchDetailWindow.xaml.cs(201,76): error CS1056: Car├ícter '\' inesperado [C:\Users\chotir\Documents\flashscore\FlashscoreOverlay.csproj]
C:\Users\chotir\Documents\flashscore\MatchDetailWindow.xaml.cs(201,77): error CS1003: Error de sintaxis, se esperaba ',' [C:\Users\chotir\Documents\flashscore\FlashscoreOverlay.csproj]
C:\Users\chotir\Documents\flashscore\MatchDetailWindow.xaml.cs(201,79): error CS1525: El t├®rmino de expresi├│n ')' no es v├ílido [C:\Users\chotir\Documents\flashscore\FlashscoreOverlay.csproj]
C:\Users\chotir\Documents\flashscore\MatchDetailWindow.xaml.cs(201,80): error CS1056: Car├ícter '\' inesperado [C:\Users\chotir\Documents\flashscore\FlashscoreOverlay.csproj]
C:\Users\chotir\Documents\flashscore\MatchDetailWindow.xaml.cs(201,81): error CS1002: Se esperaba ; [C:\Users\chotir\Documents\flashscore\FlashscoreOverlay.csproj]
C:\Users\chotir\Documents\flashscore\MatchDetailWindow.xaml.cs(201,83): error CS1525: El t├®rmino de expresi├│n '' no es v├ílido [C:\Users\chotir\Documents\flashscore\FlashscoreOverlay.csproj]
C:\Users\chotir\Documents\flashscore\MatchDetailWindow.xaml.cs(201,83): error CS1026: Se esperaba ) [C:\Users\chotir\Documents\flashscore\FlashscoreOverlay.csproj]
C:\Users\chotir\Documents\flashscore\MatchDetailWindow.xaml.cs(201,83): error CS1002: Se esperaba ; [C:\Users\chotir\Documents\flashscore\FlashscoreOverlay.csproj]
C:\Users\chotir\Documents\flashscore\MatchDetailWindow.xaml.cs(201,83): error CS1056: Car├ícter '\' inesperado [C:\Users\chotir\Documents\flashscore\FlashscoreOverlay.csproj]
C:\Users\chotir\Documents\flashscore\MatchDetailWindow.xaml.cs(201,86): error CS1525: El t├®rmino de expresi├│n ')' no es v├ílido [C:\Users\chotir\Documents\flashscore\FlashscoreOverlay.csproj]
C:\Users\chotir\Documents\flashscore\MatchDetailWindow.xaml.cs(201,86): error CS1002: Se esperaba ; [C:\Users\chotir\Documents\flashscore\FlashscoreOverlay.csproj]
C:\Users\chotir\Documents\flashscore\MatchDetailWindow.xaml.cs(201,86): error CS1513: Se esperaba } [C:\Users\chotir\Documents\flashscore\FlashscoreOverlay.csproj]
C:\Users\chotir\Documents\flashscore\MatchDetailWindow.xaml.cs(201,87): error CS1525: El t├®rmino de expresi├│n '/' no es v├ílido [C:\Users\chotir\Documents\flashscore\FlashscoreOverlay.csproj]
C:\Users\chotir\Documents\flashscore\MatchDetailWindow.xaml.cs(201,88): error CS1525: El t├®rmino de expresi├│n ')' no es v├ílido [C:\Users\chotir\Documents\flashscore\FlashscoreOverlay.csproj]
C:\Users\chotir\Documents\flashscore\MatchDetailWindow.xaml.cs(201,88): error CS1002: Se esperaba ; [C:\Users\chotir\Documents\flashscore\FlashscoreOverlay.csproj]
C:\Users\chotir\Documents\flashscore\MatchDetailWindow.xaml.cs(201,88): error CS1513: Se esperaba } [C:\Users\chotir\Documents\flashscore\FlashscoreOverlay.csproj]
C:\Users\chotir\Documents\flashscore\MatchDetailWindow.xaml.cs(202,58): error CS1001: Se esperaba un identificador [C:\Users\chotir\Documents\flashscore\FlashscoreOverlay.csproj]
C:\Users\chotir\Documents\flashscore\MatchDetailWindow.xaml.cs(202,75): error CS1525: El t├®rmino de expresi├│n '/' no es v├ílido [C:\Users\chotir\Documents\flashscore\FlashscoreOverlay.csproj]
C:\Users\chotir\Documents\flashscore\MatchDetailWindow.xaml.cs(202,77): error CS1525: El t├®rmino de expresi├│n '' no es v├ílido [C:\Users\chotir\Documents\flashscore\FlashscoreOverlay.csproj]
C:\Users\chotir\Documents\flashscore\MatchDetailWindow.xaml.cs(202,77): error CS1026: Se esperaba ) [C:\Users\chotir\Documents\flashscore\FlashscoreOverlay.csproj]
C:\Users\chotir\Documents\flashscore\MatchDetailWindow.xaml.cs(202,77): error CS1056: Car├ícter '\' inesperado [C:\Users\chotir\Documents\flashscore\FlashscoreOverlay.csproj]
C:\Users\chotir\Documents\flashscore\MatchDetailWindow.xaml.cs(202,78): error CS1003: Error de sintaxis, se esperaba ',' [C:\Users\chotir\Documents\flashscore\FlashscoreOverlay.csproj]
C:\Users\chotir\Documents\flashscore\MatchDetailWindow.xaml.cs(202,80): error CS1525: El t├®rmino de expresi├│n ')' no es v├ílido [C:\Users\chotir\Documents\flashscore\FlashscoreOverlay.csproj]
C:\Users\chotir\Documents\flashscore\MatchDetailWindow.xaml.cs(202,81): error CS1002: Se esperaba ; [C:\Users\chotir\Documents\flashscore\FlashscoreOverlay.csproj]
C:\Users\chotir\Documents\flashscore\MatchDetailWindow.xaml.cs(202,81): error CS1010: Nueva l├¡nea en constante [C:\Users\chotir\Documents\flashscore\FlashscoreOverlay.csproj]
C:\Users\chotir\Documents\flashscore\MatchDetailWindow.xaml.cs(202,81): error CS1012: Demasiados caracteres en literal de car├ícter [C:\Users\chotir\Documents\flashscore\FlashscoreOverlay.csproj]
C:\Users\chotir\Documents\flashscore\MatchDetailWindow.xaml.cs(202,85): error CS1002: Se esperaba ; [C:\Users\chotir\Documents\flashscore\FlashscoreOverlay.csproj]
C:\Users\chotir\Documents\flashscore\MatchDetailWindow.xaml.cs(205,50): error CS1525: El t├®rmino de expresi├│n '' no es v├ílido [C:\Users\chotir\Documents\flashscore\FlashscoreOverlay.csproj]
C:\Users\chotir\Documents\flashscore\MatchDetailWindow.xaml.cs(205,50): error CS1002: Se esperaba ; [C:\Users\chotir\Documents\flashscore\FlashscoreOverlay.csproj]
C:\Users\chotir\Documents\flashscore\MatchDetailWindow.xaml.cs(205,50): error CS1056: Car├ícter '`' inesperado [C:\Users\chotir\Documents\flashscore\FlashscoreOverlay.csproj]
C:\Users\chotir\Documents\flashscore\MatchDetailWindow.xaml.cs(205,51): error CS1056: Car├ícter '$' inesperado [C:\Users\chotir\Documents\flashscore\FlashscoreOverlay.csproj]
C:\Users\chotir\Documents\flashscore\MatchDetailWindow.xaml.cs(205,69): error CS1002: Se esperaba ; [C:\Users\chotir\Documents\flashscore\FlashscoreOverlay.csproj]
C:\Users\chotir\Documents\flashscore\MatchDetailWindow.xaml.cs(205,71): error CS1525: El t├®rmino de expresi├│n '' no es v├ílido [C:\Users\chotir\Documents\flashscore\FlashscoreOverlay.csproj]
C:\Users\chotir\Documents\flashscore\MatchDetailWindow.xaml.cs(205,71): error CS1002: Se esperaba ; [C:\Users\chotir\Documents\flashscore\FlashscoreOverlay.csproj]
C:\Users\chotir\Documents\flashscore\MatchDetailWindow.xaml.cs(205,71): error CS1056: Car├ícter '$' inesperado [C:\Users\chotir\Documents\flashscore\FlashscoreOverlay.csproj]
C:\Users\chotir\Documents\flashscore\MatchDetailWindow.xaml.cs(205,89): error CS1002: Se esperaba ; [C:\Users\chotir\Documents\flashscore\FlashscoreOverlay.csproj]
C:\Users\chotir\Documents\flashscore\MatchDetailWindow.xaml.cs(205,90): error CS1056: Car├ícter '`' inesperado [C:\Users\chotir\Documents\flashscore\FlashscoreOverlay.csproj]
C:\Users\chotir\Documents\flashscore\MatchDetailWindow.xaml.cs(210,48): error CS1525: El t├®rmino de expresi├│n '/' no es v├ílido [C:\Users\chotir\Documents\flashscore\FlashscoreOverlay.csproj]
C:\Users\chotir\Documents\flashscore\MatchDetailWindow.xaml.cs(215,29): error CS1022: Se esperaba una definici├│n de tipo o espacio de nombres, o el fin del archivo [C:\Users\chotir\Documents\flashscore\FlashscoreOverlay.csproj]
C:\Users\chotir\Documents\flashscore\MatchDetailWindow.xaml.cs(218,42): error CS1001: Se esperaba un identificador [C:\Users\chotir\Documents\flashscore\FlashscoreOverlay.csproj]
C:\Users\chotir\Documents\flashscore\MatchDetailWindow.xaml.cs(220,40): error CS1001: Se esperaba un identificador [C:\Users\chotir\Documents\flashscore\FlashscoreOverlay.csproj]
C:\Users\chotir\Documents\flashscore\MatchDetailWindow.xaml.cs(220,68): error CS1012: Demasiados caracteres en literal de car├ícter [C:\Users\chotir\Documents\flashscore\FlashscoreOverlay.csproj]
C:\Users\chotir\Documents\flashscore\MatchDetailWindow.xaml.cs(222,34): error CS1002: Se esperaba ; [C:\Users\chotir\Documents\flashscore\FlashscoreOverlay.csproj]
C:\Users\chotir\Documents\flashscore\MatchDetailWindow.xaml.cs(222,34): error CS1525: El t├®rmino de expresi├│n 'const' no es v├ílido [C:\Users\chotir\Documents\flashscore\FlashscoreOverlay.csproj]
C:\Users\chotir\Documents\flashscore\MatchDetailWindow.xaml.cs(222,34): error CS1026: Se esperaba ) [C:\Users\chotir\Documents\flashscore\FlashscoreOverlay.csproj]
C:\Users\chotir\Documents\flashscore\MatchDetailWindow.xaml.cs(222,44): error CS0145: El campo const requiere que se proporcione un valor [C:\Users\chotir\Documents\flashscore\FlashscoreOverlay.csproj]
C:\Users\chotir\Documents\flashscore\MatchDetailWindow.xaml.cs(222,47): error CS1002: Se esperaba ; [C:\Users\chotir\Documents\flashscore\FlashscoreOverlay.csproj]
C:\Users\chotir\Documents\flashscore\MatchDetailWindow.xaml.cs(222,51): error CS1001: Se esperaba un identificador [C:\Users\chotir\Documents\flashscore\FlashscoreOverlay.csproj]
C:\Users\chotir\Documents\flashscore\MatchDetailWindow.xaml.cs(222,51): error CS1003: Error de sintaxis, se esperaba ',' [C:\Users\chotir\Documents\flashscore\FlashscoreOverlay.csproj]
C:\Users\chotir\Documents\flashscore\MatchDetailWindow.xaml.cs(225,52): error CS1012: Demasiados caracteres en literal de car├ícter [C:\Users\chotir\Documents\flashscore\FlashscoreOverlay.csproj]
C:\Users\chotir\Documents\flashscore\MatchDetailWindow.xaml.cs(226,64): error CS1012: Demasiados caracteres en literal de car├ícter [C:\Users\chotir\Documents\flashscore\FlashscoreOverlay.csproj]
C:\Users\chotir\Documents\flashscore\MatchDetailWindow.xaml.cs(226,100): error CS1012: Demasiados caracteres en literal de car├ícter [C:\Users\chotir\Documents\flashscore\FlashscoreOverlay.csproj]
C:\Users\chotir\Documents\flashscore\MatchDetailWindow.xaml.cs(227,69): error CS1012: Demasiados caracteres en literal de car├ícter [C:\Users\chotir\Documents\flashscore\FlashscoreOverlay.csproj]
C:\Users\chotir\Documents\flashscore\MatchDetailWindow.xaml.cs(227,105): error CS1012: Demasiados caracteres en literal de car├ícter [C:\Users\chotir\Documents\flashscore\FlashscoreOverlay.csproj]
C:\Users\chotir\Documents\flashscore\MatchDetailWindow.xaml.cs(230,52): error CS1001: Se esperaba un identificador [C:\Users\chotir\Documents\flashscore\FlashscoreOverlay.csproj]
C:\Users\chotir\Documents\flashscore\MatchDetailWindow.xaml.cs(230,72): error CS1012: Demasiados caracteres en literal de car├ícter [C:\Users\chotir\Documents\flashscore\FlashscoreOverlay.csproj]
C:\Users\chotir\Documents\flashscore\MatchDetailWindow.xaml.cs(234,52): error CS1001: Se esperaba un identificador [C:\Users\chotir\Documents\flashscore\FlashscoreOverlay.csproj]
C:\Users\chotir\Documents\flashscore\MatchDetailWindow.xaml.cs(234,72): error CS1012: Demasiados caracteres en literal de car├ícter [C:\Users\chotir\Documents\flashscore\FlashscoreOverlay.csproj]
C:\Users\chotir\Documents\flashscore\MatchDetailWindow.xaml.cs(235,55): error CS1001: Se esperaba un identificador [C:\Users\chotir\Documents\flashscore\FlashscoreOverlay.csproj]
C:\Users\chotir\Documents\flashscore\MatchDetailWindow.xaml.cs(235,98): error CS1011: Literal de car├ícter vac├¡o [C:\Users\chotir\Documents\flashscore\FlashscoreOverlay.csproj]
C:\Users\chotir\Documents\flashscore\MatchDetailWindow.xaml.cs(238,53): error CS1011: Literal de car├ícter vac├¡o [C:\Users\chotir\Documents\flashscore\FlashscoreOverlay.csproj]
C:\Users\chotir\Documents\flashscore\MatchDetailWindow.xaml.cs(239,64): error CS1012: Demasiados caracteres en literal de car├ícter [C:\Users\chotir\Documents\flashscore\FlashscoreOverlay.csproj]
C:\Users\chotir\Documents\flashscore\MatchDetailWindow.xaml.cs(239,96): error CS1012: Demasiados caracteres en literal de car├ícter [C:\Users\chotir\Documents\flashscore\FlashscoreOverlay.csproj]
C:\Users\chotir\Documents\flashscore\MatchDetailWindow.xaml.cs(240,69): error CS1012: Demasiados caracteres en literal de car├ícter [C:\Users\chotir\Documents\flashscore\FlashscoreOverlay.csproj]
C:\Users\chotir\Documents\flashscore\MatchDetailWindow.xaml.cs(240,118): error CS1012: Demasiados caracteres en literal de car├ícter [C:\Users\chotir\Documents\flashscore\FlashscoreOverlay.csproj]
C:\Users\chotir\Documents\flashscore\MatchDetailWindow.xaml.cs(241,69): error CS1012: Demasiados caracteres en literal de car├ícter [C:\Users\chotir\Documents\flashscore\FlashscoreOverlay.csproj]
C:\Users\chotir\Documents\flashscore\MatchDetailWindow.xaml.cs(241,118): error CS1012: Demasiados caracteres en literal de car├ícter [C:\Users\chotir\Documents\flashscore\FlashscoreOverlay.csproj]
C:\Users\chotir\Documents\flashscore\MatchDetailWindow.xaml.cs(242,69): error CS1012: Demasiados caracteres en literal de car├ícter [C:\Users\chotir\Documents\flashscore\FlashscoreOverlay.csproj]
C:\Users\chotir\Documents\flashscore\MatchDetailWindow.xaml.cs(242,205): error CS1012: Demasiados caracteres en literal de car├ícter [C:\Users\chotir\Documents\flashscore\FlashscoreOverlay.csproj]
C:\Users\chotir\Documents\flashscore\MatchDetailWindow.xaml.cs(243,69): error CS1012: Demasiados caracteres en literal de car├ícter [C:\Users\chotir\Documents\flashscore\FlashscoreOverlay.csproj]
C:\Users\chotir\Documents\flashscore\MatchDetailWindow.xaml.cs(243,116): error CS1012: Demasiados caracteres en literal de car├ícter [C:\Users\chotir\Documents\flashscore\FlashscoreOverlay.csproj]
C:\Users\chotir\Documents\flashscore\MatchDetailWindow.xaml.cs(246,56): error CS1001: Se esperaba un identificador [C:\Users\chotir\Documents\flashscore\FlashscoreOverlay.csproj]
C:\Users\chotir\Documents\flashscore\MatchDetailWindow.xaml.cs(246,81): error CS1012: Demasiados caracteres en literal de car├ícter [C:\Users\chotir\Documents\flashscore\FlashscoreOverlay.csproj]
C:\Users\chotir\Documents\flashscore\MatchDetailWindow.xaml.cs(247,67): error CS1012: Demasiados caracteres en literal de car├ícter [C:\Users\chotir\Documents\flashscore\FlashscoreOverlay.csproj]
C:\Users\chotir\Documents\flashscore\MatchDetailWindow.xaml.cs(252,52): error CS1001: Se esperaba un identificador [C:\Users\chotir\Documents\flashscore\FlashscoreOverlay.csproj]
C:\Users\chotir\Documents\flashscore\MatchDetailWindow.xaml.cs(252,72): error CS1012: Demasiados caracteres en literal de car├ícter [C:\Users\chotir\Documents\flashscore\FlashscoreOverlay.csproj]
C:\Users\chotir\Documents\flashscore\MatchDetailWindow.xaml.cs(253,54): error CS1001: Se esperaba un identificador [C:\Users\chotir\Documents\flashscore\FlashscoreOverlay.csproj]
C:\Users\chotir\Documents\flashscore\MatchDetailWindow.xaml.cs(253,97): error CS1011: Literal de car├ícter vac├¡o [C:\Users\chotir\Documents\flashscore\FlashscoreOverlay.csproj]
C:\Users\chotir\Documents\flashscore\MatchDetailWindow.xaml.cs(256,53): error CS1011: Literal de car├ícter vac├¡o [C:\Users\chotir\Documents\flashscore\FlashscoreOverlay.csproj]
C:\Users\chotir\Documents\flashscore\MatchDetailWindow.xaml.cs(257,54): error CS1001: Se esperaba un identificador [C:\Users\chotir\Documents\flashscore\FlashscoreOverlay.csproj]
C:\Users\chotir\Documents\flashscore\MatchDetailWindow.xaml.cs(257,74): error CS1012: Demasiados caracteres en literal de car├ícter [C:\Users\chotir\Documents\flashscore\FlashscoreOverlay.csproj]
C:\Users\chotir\Documents\flashscore\MatchDetailWindow.xaml.cs(259,52): error CS1001: Se esperaba un identificador [C:\Users\chotir\Documents\flashscore\FlashscoreOverlay.csproj]
C:\Users\chotir\Documents\flashscore\MatchDetailWindow.xaml.cs(259,78): error CS1012: Demasiados caracteres en literal de car├ícter [C:\Users\chotir\Documents\flashscore\FlashscoreOverlay.csproj]
C:\Users\chotir\Documents\flashscore\MatchDetailWindow.xaml.cs(259,89): error CS1011: Literal de car├ícter vac├¡o [C:\Users\chotir\Documents\flashscore\FlashscoreOverlay.csproj]
C:\Users\chotir\Documents\flashscore\MatchDetailWindow.xaml.cs(260,69): error CS1012: Demasiados caracteres en literal de car├ícter [C:\Users\chotir\Documents\flashscore\FlashscoreOverlay.csproj]
C:\Users\chotir\Documents\flashscore\MatchDetailWindow.xaml.cs(260,86): error CS1012: Demasiados caracteres en literal de car├ícter [C:\Users\chotir\Documents\flashscore\FlashscoreOverlay.csproj]
C:\Users\chotir\Documents\flashscore\MatchDetailWindow.xaml.cs(263,63): error CS1011: Literal de car├ícter vac├¡o [C:\Users\chotir\Documents\flashscore\FlashscoreOverlay.csproj]
C:\Users\chotir\Documents\flashscore\MatchDetailWindow.xaml.cs(264,53): error CS1525: El t├®rmino de expresi├│n '=' no es v├ílido [C:\Users\chotir\Documents\flashscore\FlashscoreOverlay.csproj]
C:\Users\chotir\Documents\flashscore\MatchDetailWindow.xaml.cs(264,55): error CS1012: Demasiados caracteres en literal de car├ícter [C:\Users\chotir\Documents\flashscore\FlashscoreOverlay.csproj]
C:\Users\chotir\Documents\flashscore\MatchDetailWindow.xaml.cs(264,83): error CS1525: El t├®rmino de expresi├│n '=' no es v├ílido [C:\Users\chotir\Documents\flashscore\FlashscoreOverlay.csproj]
C:\Users\chotir\Documents\flashscore\MatchDetailWindow.xaml.cs(264,85): error CS1012: Demasiados caracteres en literal de car├ícter [C:\Users\chotir\Documents\flashscore\FlashscoreOverlay.csproj]
C:\Users\chotir\Documents\flashscore\MatchDetailWindow.xaml.cs(265,54): error CS1001: Se esperaba un identificador [C:\Users\chotir\Documents\flashscore\FlashscoreOverlay.csproj]
C:\Users\chotir\Documents\flashscore\MatchDetailWindow.xaml.cs(265,79): error CS1012: Demasiados caracteres en literal de car├ícter [C:\Users\chotir\Documents\flashscore\FlashscoreOverlay.csproj]
C:\Users\chotir\Documents\flashscore\MatchDetailWindow.xaml.cs(267,101): error CS1525: El t├®rmino de expresi├│n '/' no es v├ílido [C:\Users\chotir\Documents\flashscore\FlashscoreOverlay.csproj]
C:\Users\chotir\Documents\flashscore\MatchDetailWindow.xaml.cs(267,104): error CS1056: Car├ícter '\' inesperado [C:\Users\chotir\Documents\flashscore\FlashscoreOverlay.csproj]
C:\Users\chotir\Documents\flashscore\MatchDetailWindow.xaml.cs(267,106): error CS1525: El t├®rmino de expresi├│n '' no es v├ílido [C:\Users\chotir\Documents\flashscore\FlashscoreOverlay.csproj]
C:\Users\chotir\Documents\flashscore\MatchDetailWindow.xaml.cs(267,106): error CS1026: Se esperaba ) [C:\Users\chotir\Documents\flashscore\FlashscoreOverlay.csproj]
C:\Users\chotir\Documents\flashscore\MatchDetailWindow.xaml.cs(267,106): error CS1056: Car├ícter '\' inesperado [C:\Users\chotir\Documents\flashscore\FlashscoreOverlay.csproj]
C:\Users\chotir\Documents\flashscore\MatchDetailWindow.xaml.cs(267,107): error CS1003: Error de sintaxis, se esperaba ',' [C:\Users\chotir\Documents\flashscore\FlashscoreOverlay.csproj]
C:\Users\chotir\Documents\flashscore\MatchDetailWindow.xaml.cs(267,111): error CS1056: Car├ícter '\' inesperado [C:\Users\chotir\Documents\flashscore\FlashscoreOverlay.csproj]
C:\Users\chotir\Documents\flashscore\MatchDetailWindow.xaml.cs(267,112): error CS1003: Error de sintaxis, se esperaba ']' [C:\Users\chotir\Documents\flashscore\FlashscoreOverlay.csproj]
C:\Users\chotir\Documents\flashscore\MatchDetailWindow.xaml.cs(267,113): error CS1002: Se esperaba ; [C:\Users\chotir\Documents\flashscore\FlashscoreOverlay.csproj]
C:\Users\chotir\Documents\flashscore\MatchDetailWindow.xaml.cs(267,113): error CS1056: Car├ícter '\' inesperado [C:\Users\chotir\Documents\flashscore\FlashscoreOverlay.csproj]
C:\Users\chotir\Documents\flashscore\MatchDetailWindow.xaml.cs(267,116): error CS1056: Car├ícter '$' inesperado [C:\Users\chotir\Documents\flashscore\FlashscoreOverlay.csproj]
C:\Users\chotir\Documents\flashscore\MatchDetailWindow.xaml.cs(267,117): error CS1525: El t├®rmino de expresi├│n '/' no es v├ílido [C:\Users\chotir\Documents\flashscore\FlashscoreOverlay.csproj]
C:\Users\chotir\Documents\flashscore\MatchDetailWindow.xaml.cs(267,119): error CS1002: Se esperaba ; [C:\Users\chotir\Documents\flashscore\FlashscoreOverlay.csproj]
C:\Users\chotir\Documents\flashscore\MatchDetailWindow.xaml.cs(267,119): error CS1513: Se esperaba } [C:\Users\chotir\Documents\flashscore\FlashscoreOverlay.csproj]
C:\Users\chotir\Documents\flashscore\MatchDetailWindow.xaml.cs(267,121): error CS1011: Literal de car├ícter vac├¡o [C:\Users\chotir\Documents\flashscore\FlashscoreOverlay.csproj]
C:\Users\chotir\Documents\flashscore\MatchDetailWindow.xaml.cs(267,123): error CS1002: Se esperaba ; [C:\Users\chotir\Documents\flashscore\FlashscoreOverlay.csproj]
C:\Users\chotir\Documents\flashscore\MatchDetailWindow.xaml.cs(267,123): error CS1513: Se esperaba } [C:\Users\chotir\Documents\flashscore\FlashscoreOverlay.csproj]
C:\Users\chotir\Documents\flashscore\MatchDetailWindow.xaml.cs(269,60): error CS1525: El t├®rmino de expresi├│n '=' no es v├ílido [C:\Users\chotir\Documents\flashscore\FlashscoreOverlay.csproj]
C:\Users\chotir\Documents\flashscore\MatchDetailWindow.xaml.cs(269,62): error CS1012: Demasiados caracteres en literal de car├ícter [C:\Users\chotir\Documents\flashscore\FlashscoreOverlay.csproj]
C:\Users\chotir\Documents\flashscore\MatchDetailWindow.xaml.cs(270,56): error CS1001: Se esperaba un identificador [C:\Users\chotir\Documents\flashscore\FlashscoreOverlay.csproj]
C:\Users\chotir\Documents\flashscore\MatchDetailWindow.xaml.cs(270,76): error CS1012: Demasiados caracteres en literal de car├ícter [C:\Users\chotir\Documents\flashscore\FlashscoreOverlay.csproj]
C:\Users\chotir\Documents\flashscore\MatchDetailWindow.xaml.cs(272,67): error CS1012: Demasiados caracteres en literal de car├ícter [C:\Users\chotir\Documents\flashscore\FlashscoreOverlay.csproj]
C:\Users\chotir\Documents\flashscore\MatchDetailWindow.xaml.cs(272,115): error CS1525: El t├®rmino de expresi├│n '/' no es v├ílido [C:\Users\chotir\Documents\flashscore\FlashscoreOverlay.csproj]
C:\Users\chotir\Documents\flashscore\MatchDetailWindow.xaml.cs(272,118): error CS1056: Car├ícter '\' inesperado [C:\Users\chotir\Documents\flashscore\FlashscoreOverlay.csproj]
C:\Users\chotir\Documents\flashscore\MatchDetailWindow.xaml.cs(272,120): error CS1525: El t├®rmino de expresi├│n '' no es v├ílido [C:\Users\chotir\Documents\flashscore\FlashscoreOverlay.csproj]
C:\Users\chotir\Documents\flashscore\MatchDetailWindow.xaml.cs(272,120): error CS1026: Se esperaba ) [C:\Users\chotir\Documents\flashscore\FlashscoreOverlay.csproj]
C:\Users\chotir\Documents\flashscore\MatchDetailWindow.xaml.cs(272,120): error CS1056: Car├ícter '\' inesperado [C:\Users\chotir\Documents\flashscore\FlashscoreOverlay.csproj]
C:\Users\chotir\Documents\flashscore\MatchDetailWindow.xaml.cs(272,121): error CS1003: Error de sintaxis, se esperaba ',' [C:\Users\chotir\Documents\flashscore\FlashscoreOverlay.csproj]
C:\Users\chotir\Documents\flashscore\MatchDetailWindow.xaml.cs(272,125): error CS1056: Car├ícter '\' inesperado [C:\Users\chotir\Documents\flashscore\FlashscoreOverlay.csproj]
C:\Users\chotir\Documents\flashscore\MatchDetailWindow.xaml.cs(272,126): error CS1003: Error de sintaxis, se esperaba ']' [C:\Users\chotir\Documents\flashscore\FlashscoreOverlay.csproj]
C:\Users\chotir\Documents\flashscore\MatchDetailWindow.xaml.cs(272,127): error CS1002: Se esperaba ; [C:\Users\chotir\Documents\flashscore\FlashscoreOverlay.csproj]
C:\Users\chotir\Documents\flashscore\MatchDetailWindow.xaml.cs(272,127): error CS1056: Car├ícter '\' inesperado [C:\Users\chotir\Documents\flashscore\FlashscoreOverlay.csproj]
C:\Users\chotir\Documents\flashscore\MatchDetailWindow.xaml.cs(272,130): error CS1056: Car├ícter '$' inesperado [C:\Users\chotir\Documents\flashscore\FlashscoreOverlay.csproj]
C:\Users\chotir\Documents\flashscore\MatchDetailWindow.xaml.cs(272,131): error CS1525: El t├®rmino de expresi├│n '/' no es v├ílido [C:\Users\chotir\Documents\flashscore\FlashscoreOverlay.csproj]
C:\Users\chotir\Documents\flashscore\MatchDetailWindow.xaml.cs(272,133): error CS1002: Se esperaba ; [C:\Users\chotir\Documents\flashscore\FlashscoreOverlay.csproj]
C:\Users\chotir\Documents\flashscore\MatchDetailWindow.xaml.cs(272,133): error CS1513: Se esperaba } [C:\Users\chotir\Documents\flashscore\FlashscoreOverlay.csproj]
C:\Users\chotir\Documents\flashscore\MatchDetailWindow.xaml.cs(272,135): error CS1011: Literal de car├ícter vac├¡o [C:\Users\chotir\Documents\flashscore\FlashscoreOverlay.csproj]
C:\Users\chotir\Documents\flashscore\MatchDetailWindow.xaml.cs(272,137): error CS1002: Se esperaba ; [C:\Users\chotir\Documents\flashscore\FlashscoreOverlay.csproj]
C:\Users\chotir\Documents\flashscore\MatchDetailWindow.xaml.cs(272,137): error CS1513: Se esperaba } [C:\Users\chotir\Documents\flashscore\FlashscoreOverlay.csproj]
C:\Users\chotir\Documents\flashscore\MatchDetailWindow.xaml.cs(276,49): error CS1026: Se esperaba ) [C:\Users\chotir\Documents\flashscore\FlashscoreOverlay.csproj]
C:\Users\chotir\Documents\flashscore\MatchDetailWindow.xaml.cs(276,49): error CS1002: Se esperaba ; [C:\Users\chotir\Documents\flashscore\FlashscoreOverlay.csproj]
C:\Users\chotir\Documents\flashscore\MatchDetailWindow.xaml.cs(277,56): error CS1002: Se esperaba ; [C:\Users\chotir\Documents\flashscore\FlashscoreOverlay.csproj]
C:\Users\chotir\Documents\flashscore\MatchDetailWindow.xaml.cs(277,56): error CS1513: Se esperaba } [C:\Users\chotir\Documents\flashscore\FlashscoreOverlay.csproj]
C:\Users\chotir\Documents\flashscore\MatchDetailWindow.xaml.cs(278,60): error CS1002: Se esperaba ; [C:\Users\chotir\Documents\flashscore\FlashscoreOverlay.csproj]
C:\Users\chotir\Documents\flashscore\MatchDetailWindow.xaml.cs(278,60): error CS1513: Se esperaba } [C:\Users\chotir\Documents\flashscore\FlashscoreOverlay.csproj]
C:\Users\chotir\Documents\flashscore\MatchDetailWindow.xaml.cs(279,63): error CS1002: Se esperaba ; [C:\Users\chotir\Documents\flashscore\FlashscoreOverlay.csproj]
C:\Users\chotir\Documents\flashscore\MatchDetailWindow.xaml.cs(279,63): error CS1513: Se esperaba } [C:\Users\chotir\Documents\flashscore\FlashscoreOverlay.csproj]
C:\Users\chotir\Documents\flashscore\MatchDetailWindow.xaml.cs(280,61): error CS1002: Se esperaba ; [C:\Users\chotir\Documents\flashscore\FlashscoreOverlay.csproj]
C:\Users\chotir\Documents\flashscore\MatchDetailWindow.xaml.cs(280,61): error CS1513: Se esperaba } [C:\Users\chotir\Documents\flashscore\FlashscoreOverlay.csproj]
C:\Users\chotir\Documents\flashscore\MatchDetailWindow.xaml.cs(281,59): error CS1002: Se esperaba ; [C:\Users\chotir\Documents\flashscore\FlashscoreOverlay.csproj]
C:\Users\chotir\Documents\flashscore\MatchDetailWindow.xaml.cs(281,59): error CS1513: Se esperaba } [C:\Users\chotir\Documents\flashscore\FlashscoreOverlay.csproj]
C:\Users\chotir\Documents\flashscore\MatchDetailWindow.xaml.cs(282,81): error CS1002: Se esperaba ; [C:\Users\chotir\Documents\flashscore\FlashscoreOverlay.csproj]
C:\Users\chotir\Documents\flashscore\MatchDetailWindow.xaml.cs(283,38): error CS1022: Se esperaba una definici├│n de tipo o espacio de nombres, o el fin del archivo [C:\Users\chotir\Documents\flashscore\FlashscoreOverlay.csproj]
C:\Users\chotir\Documents\flashscore\MatchDetailWindow.xaml.cs(284,33): error CS1022: Se esperaba una definici├│n de tipo o espacio de nombres, o el fin del archivo [C:\Users\chotir\Documents\flashscore\FlashscoreOverlay.csproj]
C:\Users\chotir\Documents\flashscore\MatchDetailWindow.xaml.cs(284,35): error CS1022: Se esperaba una definici├│n de tipo o espacio de nombres, o el fin del archivo [C:\Users\chotir\Documents\flashscore\FlashscoreOverlay.csproj]
C:\Users\chotir\Documents\flashscore\MatchDetailWindow.xaml.cs(284,50): error CS1002: Se esperaba ; [C:\Users\chotir\Documents\flashscore\FlashscoreOverlay.csproj]
C:\Users\chotir\Documents\flashscore\MatchDetailWindow.xaml.cs(285,29): error CS1022: Se esperaba una definici├│n de tipo o espacio de nombres, o el fin del archivo [C:\Users\chotir\Documents\flashscore\FlashscoreOverlay.csproj]
C:\Users\chotir\Documents\flashscore\MatchDetailWindow.xaml.cs(288,49): error CS1011: Literal de car├ícter vac├¡o [C:\Users\chotir\Documents\flashscore\FlashscoreOverlay.csproj]
C:\Users\chotir\Documents\flashscore\MatchDetailWindow.xaml.cs(291,47): error CS1001: Se esperaba un identificador [C:\Users\chotir\Documents\flashscore\FlashscoreOverlay.csproj]
C:\Users\chotir\Documents\flashscore\MatchDetailWindow.xaml.cs(291,72): error CS1012: Demasiados caracteres en literal de car├ícter [C:\Users\chotir\Documents\flashscore\FlashscoreOverlay.csproj]
C:\Users\chotir\Documents\flashscore\MatchDetailWindow.xaml.cs(296,54): error CS1001: Se esperaba un identificador [C:\Users\chotir\Documents\flashscore\FlashscoreOverlay.csproj]
C:\Users\chotir\Documents\flashscore\MatchDetailWindow.xaml.cs(296,79): error CS1012: Demasiados caracteres en literal de car├ícter [C:\Users\chotir\Documents\flashscore\FlashscoreOverlay.csproj]
C:\Users\chotir\Documents\flashscore\MatchDetailWindow.xaml.cs(298,52): error CS1001: Se esperaba un identificador [C:\Users\chotir\Documents\flashscore\FlashscoreOverlay.csproj]
C:\Users\chotir\Documents\flashscore\MatchDetailWindow.xaml.cs(298,79): error CS1012: Demasiados caracteres en literal de car├ícter [C:\Users\chotir\Documents\flashscore\FlashscoreOverlay.csproj]
C:\Users\chotir\Documents\flashscore\MatchDetailWindow.xaml.cs(302,65): error CS1011: Literal de car├ícter vac├¡o [C:\Users\chotir\Documents\flashscore\FlashscoreOverlay.csproj]
C:\Users\chotir\Documents\flashscore\MatchDetailWindow.xaml.cs(304,42): error CS1001: Se esperaba un identificador [C:\Users\chotir\Documents\flashscore\FlashscoreOverlay.csproj]
C:\Users\chotir\Documents\flashscore\MatchDetailWindow.xaml.cs(305,37): error CS1513: Se esperaba } [C:\Users\chotir\Documents\flashscore\FlashscoreOverlay.csproj]
C:\Users\chotir\Documents\flashscore\MatchDetailWindow.xaml.cs(305,37): error CS1002: Se esperaba ; [C:\Users\chotir\Documents\flashscore\FlashscoreOverlay.csproj]
C:\Users\chotir\Documents\flashscore\MatchDetailWindow.xaml.cs(305,37): error CS1022: Se esperaba una definici├│n de tipo o espacio de nombres, o el fin del archivo [C:\Users\chotir\Documents\flashscore\FlashscoreOverlay.csproj]
C:\Users\chotir\Documents\flashscore\MatchDetailWindow.xaml.cs(305,39): error CS1012: Demasiados caracteres en literal de car├ícter [C:\Users\chotir\Documents\flashscore\FlashscoreOverlay.csproj]
C:\Users\chotir\Documents\flashscore\MatchDetailWindow.xaml.cs(305,52): error CS1002: Se esperaba ; [C:\Users\chotir\Documents\flashscore\FlashscoreOverlay.csproj]
C:\Users\chotir\Documents\flashscore\MatchDetailWindow.xaml.cs(305,52): error CS1022: Se esperaba una definici├│n de tipo o espacio de nombres, o el fin del archivo [C:\Users\chotir\Documents\flashscore\FlashscoreOverlay.csproj]
C:\Users\chotir\Documents\flashscore\MatchDetailWindow.xaml.cs(306,53): error CS1002: Se esperaba ; [C:\Users\chotir\Documents\flashscore\FlashscoreOverlay.csproj]
C:\Users\chotir\Documents\flashscore\MatchDetailWindow.xaml.cs(306,53): error CS1022: Se esperaba una definici├│n de tipo o espacio de nombres, o el fin del archivo [C:\Users\chotir\Documents\flashscore\FlashscoreOverlay.csproj]
C:\Users\chotir\Documents\flashscore\MatchDetailWindow.xaml.cs(307,53): error CS1002: Se esperaba ; [C:\Users\chotir\Documents\flashscore\FlashscoreOverlay.csproj]
C:\Users\chotir\Documents\flashscore\MatchDetailWindow.xaml.cs(307,53): error CS1022: Se esperaba una definici├│n de tipo o espacio de nombres, o el fin del archivo [C:\Users\chotir\Documents\flashscore\FlashscoreOverlay.csproj]
C:\Users\chotir\Documents\flashscore\MatchDetailWindow.xaml.cs(308,46): error CS1002: Se esperaba ; [C:\Users\chotir\Documents\flashscore\FlashscoreOverlay.csproj]
C:\Users\chotir\Documents\flashscore\MatchDetailWindow.xaml.cs(308,46): error CS1022: Se esperaba una definici├│n de tipo o espacio de nombres, o el fin del archivo [C:\Users\chotir\Documents\flashscore\FlashscoreOverlay.csproj]
C:\Users\chotir\Documents\flashscore\MatchDetailWindow.xaml.cs(309,47): error CS1002: Se esperaba ; [C:\Users\chotir\Documents\flashscore\FlashscoreOverlay.csproj]
C:\Users\chotir\Documents\flashscore\MatchDetailWindow.xaml.cs(309,47): error CS1022: Se esperaba una definici├│n de tipo o espacio de nombres, o el fin del archivo [C:\Users\chotir\Documents\flashscore\FlashscoreOverlay.csproj]
C:\Users\chotir\Documents\flashscore\MatchDetailWindow.xaml.cs(310,47): error CS1002: Se esperaba ; [C:\Users\chotir\Documents\flashscore\FlashscoreOverlay.csproj]
C:\Users\chotir\Documents\flashscore\MatchDetailWindow.xaml.cs(310,47): error CS1022: Se esperaba una definici├│n de tipo o espacio de nombres, o el fin del archivo [C:\Users\chotir\Documents\flashscore\FlashscoreOverlay.csproj]
C:\Users\chotir\Documents\flashscore\MatchDetailWindow.xaml.cs(311,61): error CS1002: Se esperaba ; [C:\Users\chotir\Documents\flashscore\FlashscoreOverlay.csproj]
C:\Users\chotir\Documents\flashscore\MatchDetailWindow.xaml.cs(311,61): error CS1022: Se esperaba una definici├│n de tipo o espacio de nombres, o el fin del archivo [C:\Users\chotir\Documents\flashscore\FlashscoreOverlay.csproj]
C:\Users\chotir\Documents\flashscore\MatchDetailWindow.xaml.cs(312,47): error CS1002: Se esperaba ; [C:\Users\chotir\Documents\flashscore\FlashscoreOverlay.csproj]
C:\Users\chotir\Documents\flashscore\MatchDetailWindow.xaml.cs(312,47): error CS1022: Se esperaba una definici├│n de tipo o espacio de nombres, o el fin del archivo [C:\Users\chotir\Documents\flashscore\FlashscoreOverlay.csproj]
C:\Users\chotir\Documents\flashscore\MatchDetailWindow.xaml.cs(313,54): error CS1002: Se esperaba ; [C:\Users\chotir\Documents\flashscore\FlashscoreOverlay.csproj]
C:\Users\chotir\Documents\flashscore\MatchDetailWindow.xaml.cs(314,29): error CS1022: Se esperaba una definici├│n de tipo o espacio de nombres, o el fin del archivo [C:\Users\chotir\Documents\flashscore\FlashscoreOverlay.csproj]
C:\Users\chotir\Documents\flashscore\MatchDetailWindow.xaml.cs(317,25): error CS1022: Se esperaba una definici├│n de tipo o espacio de nombres, o el fin del archivo [C:\Users\chotir\Documents\flashscore\FlashscoreOverlay.csproj]
C:\Users\chotir\Documents\flashscore\MatchDetailWindow.xaml.cs(317,27): error CS1022: Se esperaba una definici├│n de tipo o espacio de nombres, o el fin del archivo [C:\Users\chotir\Documents\flashscore\FlashscoreOverlay.csproj]
C:\Users\chotir\Documents\flashscore\MatchDetailWindow.xaml.cs(317,39): error CS1002: Se esperaba ; [C:\Users\chotir\Documents\flashscore\FlashscoreOverlay.csproj]
C:\Users\chotir\Documents\flashscore\MatchDetailWindow.xaml.cs(318,43): error CS1012: Demasiados caracteres en literal de car├ícter [C:\Users\chotir\Documents\flashscore\FlashscoreOverlay.csproj]
C:\Users\chotir\Documents\flashscore\MatchDetailWindow.xaml.cs(320,21): error CS1022: Se esperaba una definici├│n de tipo o espacio de nombres, o el fin del archivo [C:\Users\chotir\Documents\flashscore\FlashscoreOverlay.csproj]
C:\Users\chotir\Documents\flashscore\MatchDetailWindow.xaml.cs(325,33): error CS1012: Demasiados caracteres en literal de car├ícter [C:\Users\chotir\Documents\flashscore\FlashscoreOverlay.csproj]
C:\Users\chotir\Documents\flashscore\MatchDetailWindow.xaml.cs(326,17): error CS1022: Se esperaba una definici├│n de tipo o espacio de nombres, o el fin del archivo [C:\Users\chotir\Documents\flashscore\FlashscoreOverlay.csproj]
C:\Users\chotir\Documents\flashscore\MatchDetailWindow.xaml.cs(326,18): error CS1022: Se esperaba una definici├│n de tipo o espacio de nombres, o el fin del archivo [C:\Users\chotir\Documents\flashscore\FlashscoreOverlay.csproj]
C:\Users\chotir\Documents\flashscore\MatchDetailWindow.xaml.cs(326,20): error CS1525: El t├®rmino de expresi├│n ')' no es v├ílido [C:\Users\chotir\Documents\flashscore\FlashscoreOverlay.csproj]
C:\Users\chotir\Documents\flashscore\MatchDetailWindow.xaml.cs(327,13): error CS1010: Nueva l├¡nea en constante [C:\Users\chotir\Documents\flashscore\FlashscoreOverlay.csproj]
C:\Users\chotir\Documents\flashscore\MatchDetailWindow.xaml.cs(327,15): error CS1002: Se esperaba ; [C:\Users\chotir\Documents\flashscore\FlashscoreOverlay.csproj]
C:\Users\chotir\Documents\flashscore\MatchDetailWindow.xaml.cs(339,9): error CS1022: Se esperaba una definici├│n de tipo o espacio de nombres, o el fin del archivo [C:\Users\chotir\Documents\flashscore\FlashscoreOverlay.csproj]
C:\Users\chotir\Documents\flashscore\MatchDetailWindow.xaml.cs(341,9): error CS0106: El modificador 'private' no es v├ílido para este elemento [C:\Users\chotir\Documents\flashscore\FlashscoreOverlay.csproj]
C:\Users\chotir\Documents\flashscore\MatchDetailWindow.xaml.cs(352,5): error CS1022: Se esperaba una definici├│n de tipo o espacio de nombres, o el fin del archivo [C:\Users\chotir\Documents\flashscore\FlashscoreOverlay.csproj]
C:\Users\chotir\Documents\flashscore\MatchDetailWindow.xaml.cs(411,1): error CS1022: Se esperaba una definici├│n de tipo o espacio de nombres, o el fin del archivo [C:\Users\chotir\Documents\flashscore\FlashscoreOverlay.csproj]

ERROR al compilar.

C:\Users\chotir\Documents\flashscore\MatchDetailWindow.xaml.cs(178,82): error CS1002: Se esperaba ; [C:\Users\chotir\Documents\flashscore\FlashscoreOverlay.csproj]
C:\Users\chotir\Documents\flashscore\MatchDetailWindow.xaml.cs(178,92): error CS1002: Se esperaba ; [C:\Users\chotir\Documents\flashscore\FlashscoreOverlay.csproj]
C:\Users\chotir\Documents\flashscore\MatchDetailWindow.xaml.cs(178,92): error CS1010: Nueva l├¡nea en constante [C:\Users\chotir\Documents\flashscore\FlashscoreOverlay.csproj]
C:\Users\chotir\Documents\flashscore\MatchDetailWindow.xaml.cs(178,93): error CS1002: Se esperaba ; [C:\Users\chotir\Documents\flashscore\FlashscoreOverlay.csproj]
C:\Users\chotir\Documents\flashscore\MatchDetailWindow.xaml.cs(180,31): error CS1519: Token ÔÇ£elseÔÇØ no v├ílido en una declaraci├│n de miembro [C:\Users\chotir\Documents\flashscore\FlashscoreOverlay.csproj]
C:\Users\chotir\Documents\flashscore\MatchDetailWindow.xaml.cs(180,40): error CS1031: Se esperaba un tipo [C:\Users\chotir\Documents\flashscore\FlashscoreOverlay.csproj]
C:\Users\chotir\Documents\flashscore\MatchDetailWindow.xaml.cs(180,40): error CS8124: Una tupla debe contener al menos dos elementos. [C:\Users\chotir\Documents\flashscore\FlashscoreOverlay.csproj]
C:\Users\chotir\Documents\flashscore\MatchDetailWindow.xaml.cs(180,40): error CS1026: Se esperaba ) [C:\Users\chotir\Documents\flashscore\FlashscoreOverlay.csproj]
C:\Users\chotir\Documents\flashscore\MatchDetailWindow.xaml.cs(180,40): error CS1519: Token ÔÇ£/ÔÇØ no v├ílido en una declaraci├│n de miembro [C:\Users\chotir\Documents\flashscore\FlashscoreOverlay.csproj]
C:\Users\chotir\Documents\flashscore\MatchDetailWindow.xaml.cs(180,49): error CS1519: Token ÔÇ£/ÔÇØ no v├ílido en una declaraci├│n de miembro [C:\Users\chotir\Documents\flashscore\FlashscoreOverlay.csproj]
C:\Users\chotir\Documents\flashscore\MatchDetailWindow.xaml.cs(180,56): error CS1519: Token ÔÇ£(ÔÇØ no v├ílido en una declaraci├│n de miembro [C:\Users\chotir\Documents\flashscore\FlashscoreOverlay.csproj]
C:\Users\chotir\Documents\flashscore\MatchDetailWindow.xaml.cs(180,65): error CS8124: Una tupla debe contener al menos dos elementos. [C:\Users\chotir\Documents\flashscore\FlashscoreOverlay.csproj]
C:\Users\chotir\Documents\flashscore\MatchDetailWindow.xaml.cs(180,66): error CS1519: Token ÔÇ£)ÔÇØ no v├ílido en una declaraci├│n de miembro [C:\Users\chotir\Documents\flashscore\FlashscoreOverlay.csproj]
C:\Users\chotir\Documents\flashscore\MatchDetailWindow.xaml.cs(181,40): error CS1519: Token ÔÇ£=ÔÇØ no v├ílido en una declaraci├│n de miembro [C:\Users\chotir\Documents\flashscore\FlashscoreOverlay.csproj]
C:\Users\chotir\Documents\flashscore\MatchDetailWindow.xaml.cs(181,42): error CS1012: Demasiados caracteres en literal de car├ícter [C:\Users\chotir\Documents\flashscore\FlashscoreOverlay.csproj]
C:\Users\chotir\Documents\flashscore\MatchDetailWindow.xaml.cs(182,40): error CS1519: Token ÔÇ£=ÔÇØ no v├ílido en una declaraci├│n de miembro [C:\Users\chotir\Documents\flashscore\FlashscoreOverlay.csproj]
C:\Users\chotir\Documents\flashscore\MatchDetailWindow.xaml.cs(183,31): error CS1022: Se esperaba una definici├│n de tipo o espacio de nombres, o el fin del archivo [C:\Users\chotir\Documents\flashscore\FlashscoreOverlay.csproj]
C:\Users\chotir\Documents\flashscore\MatchDetailWindow.xaml.cs(185,51): error CS1001: Se esperaba un identificador [C:\Users\chotir\Documents\flashscore\FlashscoreOverlay.csproj]
C:\Users\chotir\Documents\flashscore\MatchDetailWindow.xaml.cs(185,54): error CS8635: Secuencia de caracteres "..." inesperada. [C:\Users\chotir\Documents\flashscore\FlashscoreOverlay.csproj]
C:\Users\chotir\Documents\flashscore\MatchDetailWindow.xaml.cs(185,75): error CS1525: El t├®rmino de expresi├│n '/' no es v├ílido [C:\Users\chotir\Documents\flashscore\FlashscoreOverlay.csproj]
C:\Users\chotir\Documents\flashscore\MatchDetailWindow.xaml.cs(185,77): error CS1525: El t├®rmino de expresi├│n '' no es v├ílido [C:\Users\chotir\Documents\flashscore\FlashscoreOverlay.csproj]
C:\Users\chotir\Documents\flashscore\MatchDetailWindow.xaml.cs(185,77): error CS1026: Se esperaba ) [C:\Users\chotir\Documents\flashscore\FlashscoreOverlay.csproj]
C:\Users\chotir\Documents\flashscore\MatchDetailWindow.xaml.cs(185,77): error CS1056: Car├ícter '\' inesperado [C:\Users\chotir\Documents\flashscore\FlashscoreOverlay.csproj]
C:\Users\chotir\Documents\flashscore\MatchDetailWindow.xaml.cs(185,78): error CS1003: Error de sintaxis, se esperaba ',' [C:\Users\chotir\Documents\flashscore\FlashscoreOverlay.csproj]
C:\Users\chotir\Documents\flashscore\MatchDetailWindow.xaml.cs(185,80): error CS1525: El t├®rmino de expresi├│n ')' no es v├ílido [C:\Users\chotir\Documents\flashscore\FlashscoreOverlay.csproj]
C:\Users\chotir\Documents\flashscore\MatchDetailWindow.xaml.cs(185,81): error CS1003: Error de sintaxis, se esperaba ',' [C:\Users\chotir\Documents\flashscore\FlashscoreOverlay.csproj]
C:\Users\chotir\Documents\flashscore\MatchDetailWindow.xaml.cs(185,82): error CS1003: Error de sintaxis, se esperaba ',' [C:\Users\chotir\Documents\flashscore\FlashscoreOverlay.csproj]
C:\Users\chotir\Documents\flashscore\MatchDetailWindow.xaml.cs(185,83): error CS1525: El t├®rmino de expresi├│n '' no es v├ílido [C:\Users\chotir\Documents\flashscore\FlashscoreOverlay.csproj]
C:\Users\chotir\Documents\flashscore\MatchDetailWindow.xaml.cs(185,83): error CS1026: Se esperaba ) [C:\Users\chotir\Documents\flashscore\FlashscoreOverlay.csproj]
C:\Users\chotir\Documents\flashscore\MatchDetailWindow.xaml.cs(185,83): error CS1056: Car├ícter '\' inesperado [C:\Users\chotir\Documents\flashscore\FlashscoreOverlay.csproj]
C:\Users\chotir\Documents\flashscore\MatchDetailWindow.xaml.cs(185,84): error CS1003: Error de sintaxis, se esperaba ',' [C:\Users\chotir\Documents\flashscore\FlashscoreOverlay.csproj]
C:\Users\chotir\Documents\flashscore\MatchDetailWindow.xaml.cs(185,85): error CS1003: Error de sintaxis, se esperaba ',' [C:\Users\chotir\Documents\flashscore\FlashscoreOverlay.csproj]
C:\Users\chotir\Documents\flashscore\MatchDetailWindow.xaml.cs(185,86): error CS1003: Error de sintaxis, se esperaba ',' [C:\Users\chotir\Documents\flashscore\FlashscoreOverlay.csproj]
C:\Users\chotir\Documents\flashscore\MatchDetailWindow.xaml.cs(185,87): error CS1003: Error de sintaxis, se esperaba ']' [C:\Users\chotir\Documents\flashscore\FlashscoreOverlay.csproj]
C:\Users\chotir\Documents\flashscore\MatchDetailWindow.xaml.cs(185,87): error CS1002: Se esperaba ; [C:\Users\chotir\Documents\flashscore\FlashscoreOverlay.csproj]
C:\Users\chotir\Documents\flashscore\MatchDetailWindow.xaml.cs(185,88): error CS1022: Se esperaba una definici├│n de tipo o espacio de nombres, o el fin del archivo [C:\Users\chotir\Documents\flashscore\FlashscoreOverlay.csproj]
C:\Users\chotir\Documents\flashscore\MatchDetailWindow.xaml.cs(185,89): error CS8803: Las instrucciones de nivel superior deben preceder a las declaraciones de espacio de nombres y de tipos. [C:\Users\chotir\Documents\flashscore\FlashscoreOverlay.csproj]
C:\Users\chotir\Documents\flashscore\MatchDetailWindow.xaml.cs(185,89): error CS1525: El t├®rmino de expresi├│n '/' no es v├ílido [C:\Users\chotir\Documents\flashscore\FlashscoreOverlay.csproj]
C:\Users\chotir\Documents\flashscore\MatchDetailWindow.xaml.cs(185,91): error CS1002: Se esperaba ; [C:\Users\chotir\Documents\flashscore\FlashscoreOverlay.csproj]
C:\Users\chotir\Documents\flashscore\MatchDetailWindow.xaml.cs(185,91): error CS1022: Se esperaba una definici├│n de tipo o espacio de nombres, o el fin del archivo [C:\Users\chotir\Documents\flashscore\FlashscoreOverlay.csproj]
C:\Users\chotir\Documents\flashscore\MatchDetailWindow.xaml.cs(187,53): error CS1001: Se esperaba un identificador [C:\Users\chotir\Documents\flashscore\FlashscoreOverlay.csproj]
C:\Users\chotir\Documents\flashscore\MatchDetailWindow.xaml.cs(192,63): error CS1525: El t├®rmino de expresi├│n '' no es v├ílido [C:\Users\chotir\Documents\flashscore\FlashscoreOverlay.csproj]
C:\Users\chotir\Documents\flashscore\MatchDetailWindow.xaml.cs(192,63): error CS1002: Se esperaba ; [C:\Users\chotir\Documents\flashscore\FlashscoreOverlay.csproj]
C:\Users\chotir\Documents\flashscore\MatchDetailWindow.xaml.cs(192,63): error CS1056: Car├ícter '`' inesperado [C:\Users\chotir\Documents\flashscore\FlashscoreOverlay.csproj]
C:\Users\chotir\Documents\flashscore\MatchDetailWindow.xaml.cs(192,67): error CS1525: El t├®rmino de expresi├│n '' no es v├ílido [C:\Users\chotir\Documents\flashscore\FlashscoreOverlay.csproj]
C:\Users\chotir\Documents\flashscore\MatchDetailWindow.xaml.cs(192,67): error CS1002: Se esperaba ; [C:\Users\chotir\Documents\flashscore\FlashscoreOverlay.csproj]
C:\Users\chotir\Documents\flashscore\MatchDetailWindow.xaml.cs(192,67): error CS1056: Car├ícter '$' inesperado [C:\Users\chotir\Documents\flashscore\FlashscoreOverlay.csproj]
C:\Users\chotir\Documents\flashscore\MatchDetailWindow.xaml.cs(192,84): error CS1002: Se esperaba ; [C:\Users\chotir\Documents\flashscore\FlashscoreOverlay.csproj]
C:\Users\chotir\Documents\flashscore\MatchDetailWindow.xaml.cs(192,85): error CS1056: Car├ícter '`' inesperado [C:\Users\chotir\Documents\flashscore\FlashscoreOverlay.csproj]
C:\Users\chotir\Documents\flashscore\MatchDetailWindow.xaml.cs(192,87): error CS8641: ÔÇ£elseÔÇØ no puede iniciar una instrucci├│n. [C:\Users\chotir\Documents\flashscore\FlashscoreOverlay.csproj]
C:\Users\chotir\Documents\flashscore\MatchDetailWindow.xaml.cs(192,87): error CS1003: Error de sintaxis, se esperaba '(' [C:\Users\chotir\Documents\flashscore\FlashscoreOverlay.csproj]
C:\Users\chotir\Documents\flashscore\MatchDetailWindow.xaml.cs(192,87): error CS1525: El t├®rmino de expresi├│n 'else' no es v├ílido [C:\Users\chotir\Documents\flashscore\FlashscoreOverlay.csproj]
C:\Users\chotir\Documents\flashscore\MatchDetailWindow.xaml.cs(192,87): error CS1026: Se esperaba ) [C:\Users\chotir\Documents\flashscore\FlashscoreOverlay.csproj]
C:\Users\chotir\Documents\flashscore\MatchDetailWindow.xaml.cs(192,87): error CS1002: Se esperaba ; [C:\Users\chotir\Documents\flashscore\FlashscoreOverlay.csproj]
C:\Users\chotir\Documents\flashscore\MatchDetailWindow.xaml.cs(193,68): error CS1525: El t├®rmino de expresi├│n '' no es v├ílido [C:\Users\chotir\Documents\flashscore\FlashscoreOverlay.csproj]
C:\Users\chotir\Documents\flashscore\MatchDetailWindow.xaml.cs(193,68): error CS1002: Se esperaba ; [C:\Users\chotir\Documents\flashscore\FlashscoreOverlay.csproj]
C:\Users\chotir\Documents\flashscore\MatchDetailWindow.xaml.cs(193,68): error CS1056: Car├ícter '`' inesperado [C:\Users\chotir\Documents\flashscore\FlashscoreOverlay.csproj]
C:\Users\chotir\Documents\flashscore\MatchDetailWindow.xaml.cs(193,72): error CS1525: El t├®rmino de expresi├│n '' no es v├ílido [C:\Users\chotir\Documents\flashscore\FlashscoreOverlay.csproj]
C:\Users\chotir\Documents\flashscore\MatchDetailWindow.xaml.cs(193,72): error CS1002: Se esperaba ; [C:\Users\chotir\Documents\flashscore\FlashscoreOverlay.csproj]
C:\Users\chotir\Documents\flashscore\MatchDetailWindow.xaml.cs(193,72): error CS1056: Car├ícter '$' inesperado [C:\Users\chotir\Documents\flashscore\FlashscoreOverlay.csproj]
C:\Users\chotir\Documents\flashscore\MatchDetailWindow.xaml.cs(193,89): error CS1002: Se esperaba ; [C:\Users\chotir\Documents\flashscore\FlashscoreOverlay.csproj]
C:\Users\chotir\Documents\flashscore\MatchDetailWindow.xaml.cs(193,90): error CS1056: Car├ícter '`' inesperado [C:\Users\chotir\Documents\flashscore\FlashscoreOverlay.csproj]
C:\Users\chotir\Documents\flashscore\MatchDetailWindow.xaml.cs(193,92): error CS8641: ÔÇ£elseÔÇØ no puede iniciar una instrucci├│n. [C:\Users\chotir\Documents\flashscore\FlashscoreOverlay.csproj]
C:\Users\chotir\Documents\flashscore\MatchDetailWindow.xaml.cs(193,92): error CS1003: Error de sintaxis, se esperaba '(' [C:\Users\chotir\Documents\flashscore\FlashscoreOverlay.csproj]
C:\Users\chotir\Documents\flashscore\MatchDetailWindow.xaml.cs(193,92): error CS1525: El t├®rmino de expresi├│n 'else' no es v├ílido [C:\Users\chotir\Documents\flashscore\FlashscoreOverlay.csproj]
C:\Users\chotir\Documents\flashscore\MatchDetailWindow.xaml.cs(193,92): error CS1026: Se esperaba ) [C:\Users\chotir\Documents\flashscore\FlashscoreOverlay.csproj]
C:\Users\chotir\Documents\flashscore\MatchDetailWindow.xaml.cs(193,92): error CS1002: Se esperaba ; [C:\Users\chotir\Documents\flashscore\FlashscoreOverlay.csproj]
C:\Users\chotir\Documents\flashscore\MatchDetailWindow.xaml.cs(201,57): error CS1001: Se esperaba un identificador [C:\Users\chotir\Documents\flashscore\FlashscoreOverlay.csproj]
C:\Users\chotir\Documents\flashscore\MatchDetailWindow.xaml.cs(201,74): error CS1525: El t├®rmino de expresi├│n '/' no es v├ílido [C:\Users\chotir\Documents\flashscore\FlashscoreOverlay.csproj]
C:\Users\chotir\Documents\flashscore\MatchDetailWindow.xaml.cs(201,76): error CS1525: El t├®rmino de expresi├│n '' no es v├ílido [C:\Users\chotir\Documents\flashscore\FlashscoreOverlay.csproj]
C:\Users\chotir\Documents\flashscore\MatchDetailWindow.xaml.cs(201,76): error CS1026: Se esperaba ) [C:\Users\chotir\Documents\flashscore\FlashscoreOverlay.csproj]
C:\Users\chotir\Documents\flashscore\MatchDetailWindow.xaml.cs(201,76): error CS1056: Car├ícter '\' inesperado [C:\Users\chotir\Documents\flashscore\FlashscoreOverlay.csproj]
C:\Users\chotir\Documents\flashscore\MatchDetailWindow.xaml.cs(201,77): error CS1003: Error de sintaxis, se esperaba ',' [C:\Users\chotir\Documents\flashscore\FlashscoreOverlay.csproj]
C:\Users\chotir\Documents\flashscore\MatchDetailWindow.xaml.cs(201,79): error CS1525: El t├®rmino de expresi├│n ')' no es v├ílido [C:\Users\chotir\Documents\flashscore\FlashscoreOverlay.csproj]
C:\Users\chotir\Documents\flashscore\MatchDetailWindow.xaml.cs(201,80): error CS1056: Car├ícter '\' inesperado [C:\Users\chotir\Documents\flashscore\FlashscoreOverlay.csproj]
C:\Users\chotir\Documents\flashscore\MatchDetailWindow.xaml.cs(201,81): error CS1002: Se esperaba ; [C:\Users\chotir\Documents\flashscore\FlashscoreOverlay.csproj]
C:\Users\chotir\Documents\flashscore\MatchDetailWindow.xaml.cs(201,83): error CS1525: El t├®rmino de expresi├│n '' no es v├ílido [C:\Users\chotir\Documents\flashscore\FlashscoreOverlay.csproj]
C:\Users\chotir\Documents\flashscore\MatchDetailWindow.xaml.cs(201,83): error CS1026: Se esperaba ) [C:\Users\chotir\Documents\flashscore\FlashscoreOverlay.csproj]
C:\Users\chotir\Documents\flashscore\MatchDetailWindow.xaml.cs(201,83): error CS1002: Se esperaba ; [C:\Users\chotir\Documents\flashscore\FlashscoreOverlay.csproj]
C:\Users\chotir\Documents\flashscore\MatchDetailWindow.xaml.cs(201,83): error CS1056: Car├ícter '\' inesperado [C:\Users\chotir\Documents\flashscore\FlashscoreOverlay.csproj]
C:\Users\chotir\Documents\flashscore\MatchDetailWindow.xaml.cs(201,86): error CS1525: El t├®rmino de expresi├│n ')' no es v├ílido [C:\Users\chotir\Documents\flashscore\FlashscoreOverlay.csproj]
C:\Users\chotir\Documents\flashscore\MatchDetailWindow.xaml.cs(201,86): error CS1002: Se esperaba ; [C:\Users\chotir\Documents\flashscore\FlashscoreOverlay.csproj]
C:\Users\chotir\Documents\flashscore\MatchDetailWindow.xaml.cs(201,86): error CS1513: Se esperaba } [C:\Users\chotir\Documents\flashscore\FlashscoreOverlay.csproj]
C:\Users\chotir\Documents\flashscore\MatchDetailWindow.xaml.cs(201,87): error CS1525: El t├®rmino de expresi├│n '/' no es v├ílido [C:\Users\chotir\Documents\flashscore\FlashscoreOverlay.csproj]
C:\Users\chotir\Documents\flashscore\MatchDetailWindow.xaml.cs(201,88): error CS1525: El t├®rmino de expresi├│n ')' no es v├ílido [C:\Users\chotir\Documents\flashscore\FlashscoreOverlay.csproj]
C:\Users\chotir\Documents\flashscore\MatchDetailWindow.xaml.cs(201,88): error CS1002: Se esperaba ; [C:\Users\chotir\Documents\flashscore\FlashscoreOverlay.csproj]
C:\Users\chotir\Documents\flashscore\MatchDetailWindow.xaml.cs(201,88): error CS1513: Se esperaba } [C:\Users\chotir\Documents\flashscore\FlashscoreOverlay.csproj]
C:\Users\chotir\Documents\flashscore\MatchDetailWindow.xaml.cs(202,58): error CS1001: Se esperaba un identificador [C:\Users\chotir\Documents\flashscore\FlashscoreOverlay.csproj]
C:\Users\chotir\Documents\flashscore\MatchDetailWindow.xaml.cs(202,75): error CS1525: El t├®rmino de expresi├│n '/' no es v├ílido [C:\Users\chotir\Documents\flashscore\FlashscoreOverlay.csproj]
C:\Users\chotir\Documents\flashscore\MatchDetailWindow.xaml.cs(202,77): error CS1525: El t├®rmino de expresi├│n '' no es v├ílido [C:\Users\chotir\Documents\flashscore\FlashscoreOverlay.csproj]
C:\Users\chotir\Documents\flashscore\MatchDetailWindow.xaml.cs(202,77): error CS1026: Se esperaba ) [C:\Users\chotir\Documents\flashscore\FlashscoreOverlay.csproj]
C:\Users\chotir\Documents\flashscore\MatchDetailWindow.xaml.cs(202,77): error CS1056: Car├ícter '\' inesperado [C:\Users\chotir\Documents\flashscore\FlashscoreOverlay.csproj]
C:\Users\chotir\Documents\flashscore\MatchDetailWindow.xaml.cs(202,78): error CS1003: Error de sintaxis, se esperaba ',' [C:\Users\chotir\Documents\flashscore\FlashscoreOverlay.csproj]
C:\Users\chotir\Documents\flashscore\MatchDetailWindow.xaml.cs(202,80): error CS1525: El t├®rmino de expresi├│n ')' no es v├ílido [C:\Users\chotir\Documents\flashscore\FlashscoreOverlay.csproj]
C:\Users\chotir\Documents\flashscore\MatchDetailWindow.xaml.cs(202,81): error CS1002: Se esperaba ; [C:\Users\chotir\Documents\flashscore\FlashscoreOverlay.csproj]
C:\Users\chotir\Documents\flashscore\MatchDetailWindow.xaml.cs(202,81): error CS1010: Nueva l├¡nea en constante [C:\Users\chotir\Documents\flashscore\FlashscoreOverlay.csproj]
C:\Users\chotir\Documents\flashscore\MatchDetailWindow.xaml.cs(202,81): error CS1012: Demasiados caracteres en literal de car├ícter [C:\Users\chotir\Documents\flashscore\FlashscoreOverlay.csproj]
C:\Users\chotir\Documents\flashscore\MatchDetailWindow.xaml.cs(202,85): error CS1002: Se esperaba ; [C:\Users\chotir\Documents\flashscore\FlashscoreOverlay.csproj]
C:\Users\chotir\Documents\flashscore\MatchDetailWindow.xaml.cs(205,50): error CS1525: El t├®rmino de expresi├│n '' no es v├ílido [C:\Users\chotir\Documents\flashscore\FlashscoreOverlay.csproj]
C:\Users\chotir\Documents\flashscore\MatchDetailWindow.xaml.cs(205,50): error CS1002: Se esperaba ; [C:\Users\chotir\Documents\flashscore\FlashscoreOverlay.csproj]
C:\Users\chotir\Documents\flashscore\MatchDetailWindow.xaml.cs(205,50): error CS1056: Car├ícter '`' inesperado [C:\Users\chotir\Documents\flashscore\FlashscoreOverlay.csproj]
C:\Users\chotir\Documents\flashscore\MatchDetailWindow.xaml.cs(205,51): error CS1056: Car├ícter '$' inesperado [C:\Users\chotir\Documents\flashscore\FlashscoreOverlay.csproj]
C:\Users\chotir\Documents\flashscore\MatchDetailWindow.xaml.cs(205,69): error CS1002: Se esperaba ; [C:\Users\chotir\Documents\flashscore\FlashscoreOverlay.csproj]
C:\Users\chotir\Documents\flashscore\MatchDetailWindow.xaml.cs(205,71): error CS1525: El t├®rmino de expresi├│n '' no es v├ílido [C:\Users\chotir\Documents\flashscore\FlashscoreOverlay.csproj]
C:\Users\chotir\Documents\flashscore\MatchDetailWindow.xaml.cs(205,71): error CS1002: Se esperaba ; [C:\Users\chotir\Documents\flashscore\FlashscoreOverlay.csproj]
C:\Users\chotir\Documents\flashscore\MatchDetailWindow.xaml.cs(205,71): error CS1056: Car├ícter '$' inesperado [C:\Users\chotir\Documents\flashscore\FlashscoreOverlay.csproj]
C:\Users\chotir\Documents\flashscore\MatchDetailWindow.xaml.cs(205,89): error CS1002: Se esperaba ; [C:\Users\chotir\Documents\flashscore\FlashscoreOverlay.csproj]
C:\Users\chotir\Documents\flashscore\MatchDetailWindow.xaml.cs(205,90): error CS1056: Car├ícter '`' inesperado [C:\Users\chotir\Documents\flashscore\FlashscoreOverlay.csproj]
C:\Users\chotir\Documents\flashscore\MatchDetailWindow.xaml.cs(210,48): error CS1525: El t├®rmino de expresi├│n '/' no es v├ílido [C:\Users\chotir\Documents\flashscore\FlashscoreOverlay.csproj]
C:\Users\chotir\Documents\flashscore\MatchDetailWindow.xaml.cs(215,29): error CS1022: Se esperaba una definici├│n de tipo o espacio de nombres, o el fin del archivo [C:\Users\chotir\Documents\flashscore\FlashscoreOverlay.csproj]
C:\Users\chotir\Documents\flashscore\MatchDetailWindow.xaml.cs(218,42): error CS1001: Se esperaba un identificador [C:\Users\chotir\Documents\flashscore\FlashscoreOverlay.csproj]
C:\Users\chotir\Documents\flashscore\MatchDetailWindow.xaml.cs(220,40): error CS1001: Se esperaba un identificador [C:\Users\chotir\Documents\flashscore\FlashscoreOverlay.csproj]
C:\Users\chotir\Documents\flashscore\MatchDetailWindow.xaml.cs(220,68): error CS1012: Demasiados caracteres en literal de car├ícter [C:\Users\chotir\Documents\flashscore\FlashscoreOverlay.csproj]
C:\Users\chotir\Documents\flashscore\MatchDetailWindow.xaml.cs(222,34): error CS1002: Se esperaba ; [C:\Users\chotir\Documents\flashscore\FlashscoreOverlay.csproj]
C:\Users\chotir\Documents\flashscore\MatchDetailWindow.xaml.cs(222,34): error CS1525: El t├®rmino de expresi├│n 'const' no es v├ílido [C:\Users\chotir\Documents\flashscore\FlashscoreOverlay.csproj]
C:\Users\chotir\Documents\flashscore\MatchDetailWindow.xaml.cs(222,34): error CS1026: Se esperaba ) [C:\Users\chotir\Documents\flashscore\FlashscoreOverlay.csproj]
C:\Users\chotir\Documents\flashscore\MatchDetailWindow.xaml.cs(222,44): error CS0145: El campo const requiere que se proporcione un valor [C:\Users\chotir\Documents\flashscore\FlashscoreOverlay.csproj]
C:\Users\chotir\Documents\flashscore\MatchDetailWindow.xaml.cs(222,47): error CS1002: Se esperaba ; [C:\Users\chotir\Documents\flashscore\FlashscoreOverlay.csproj]
C:\Users\chotir\Documents\flashscore\MatchDetailWindow.xaml.cs(222,51): error CS1001: Se esperaba un identificador [C:\Users\chotir\Documents\flashscore\FlashscoreOverlay.csproj]
C:\Users\chotir\Documents\flashscore\MatchDetailWindow.xaml.cs(222,51): error CS1003: Error de sintaxis, se esperaba ',' [C:\Users\chotir\Documents\flashscore\FlashscoreOverlay.csproj]
C:\Users\chotir\Documents\flashscore\MatchDetailWindow.xaml.cs(225,52): error CS1012: Demasiados caracteres en literal de car├ícter [C:\Users\chotir\Documents\flashscore\FlashscoreOverlay.csproj]
C:\Users\chotir\Documents\flashscore\MatchDetailWindow.xaml.cs(226,64): error CS1012: Demasiados caracteres en literal de car├ícter [C:\Users\chotir\Documents\flashscore\FlashscoreOverlay.csproj]
C:\Users\chotir\Documents\flashscore\MatchDetailWindow.xaml.cs(226,100): error CS1012: Demasiados caracteres en literal de car├ícter [C:\Users\chotir\Documents\flashscore\FlashscoreOverlay.csproj]
C:\Users\chotir\Documents\flashscore\MatchDetailWindow.xaml.cs(227,69): error CS1012: Demasiados caracteres en literal de car├ícter [C:\Users\chotir\Documents\flashscore\FlashscoreOverlay.csproj]
C:\Users\chotir\Documents\flashscore\MatchDetailWindow.xaml.cs(227,105): error CS1012: Demasiados caracteres en literal de car├ícter [C:\Users\chotir\Documents\flashscore\FlashscoreOverlay.csproj]
C:\Users\chotir\Documents\flashscore\MatchDetailWindow.xaml.cs(230,52): error CS1001: Se esperaba un identificador [C:\Users\chotir\Documents\flashscore\FlashscoreOverlay.csproj]
C:\Users\chotir\Documents\flashscore\MatchDetailWindow.xaml.cs(230,72): error CS1012: Demasiados caracteres en literal de car├ícter [C:\Users\chotir\Documents\flashscore\FlashscoreOverlay.csproj]
C:\Users\chotir\Documents\flashscore\MatchDetailWindow.xaml.cs(234,52): error CS1001: Se esperaba un identificador [C:\Users\chotir\Documents\flashscore\FlashscoreOverlay.csproj]
C:\Users\chotir\Documents\flashscore\MatchDetailWindow.xaml.cs(234,72): error CS1012: Demasiados caracteres en literal de car├ícter [C:\Users\chotir\Documents\flashscore\FlashscoreOverlay.csproj]
C:\Users\chotir\Documents\flashscore\MatchDetailWindow.xaml.cs(235,55): error CS1001: Se esperaba un identificador [C:\Users\chotir\Documents\flashscore\FlashscoreOverlay.csproj]
C:\Users\chotir\Documents\flashscore\MatchDetailWindow.xaml.cs(235,98): error CS1011: Literal de car├ícter vac├¡o [C:\Users\chotir\Documents\flashscore\FlashscoreOverlay.csproj]
C:\Users\chotir\Documents\flashscore\MatchDetailWindow.xaml.cs(238,53): error CS1011: Literal de car├ícter vac├¡o [C:\Users\chotir\Documents\flashscore\FlashscoreOverlay.csproj]
C:\Users\chotir\Documents\flashscore\MatchDetailWindow.xaml.cs(239,64): error CS1012: Demasiados caracteres en literal de car├ícter [C:\Users\chotir\Documents\flashscore\FlashscoreOverlay.csproj]
C:\Users\chotir\Documents\flashscore\MatchDetailWindow.xaml.cs(239,96): error CS1012: Demasiados caracteres en literal de car├ícter [C:\Users\chotir\Documents\flashscore\FlashscoreOverlay.csproj]
C:\Users\chotir\Documents\flashscore\MatchDetailWindow.xaml.cs(240,69): error CS1012: Demasiados caracteres en literal de car├ícter [C:\Users\chotir\Documents\flashscore\FlashscoreOverlay.csproj]
C:\Users\chotir\Documents\flashscore\MatchDetailWindow.xaml.cs(240,118): error CS1012: Demasiados caracteres en literal de car├ícter [C:\Users\chotir\Documents\flashscore\FlashscoreOverlay.csproj]
C:\Users\chotir\Documents\flashscore\MatchDetailWindow.xaml.cs(241,69): error CS1012: Demasiados caracteres en literal de car├ícter [C:\Users\chotir\Documents\flashscore\FlashscoreOverlay.csproj]
C:\Users\chotir\Documents\flashscore\MatchDetailWindow.xaml.cs(241,118): error CS1012: Demasiados caracteres en literal de car├ícter [C:\Users\chotir\Documents\flashscore\FlashscoreOverlay.csproj]
C:\Users\chotir\Documents\flashscore\MatchDetailWindow.xaml.cs(242,69): error CS1012: Demasiados caracteres en literal de car├ícter [C:\Users\chotir\Documents\flashscore\FlashscoreOverlay.csproj]
C:\Users\chotir\Documents\flashscore\MatchDetailWindow.xaml.cs(242,205): error CS1012: Demasiados caracteres en literal de car├ícter [C:\Users\chotir\Documents\flashscore\FlashscoreOverlay.csproj]
C:\Users\chotir\Documents\flashscore\MatchDetailWindow.xaml.cs(243,69): error CS1012: Demasiados caracteres en literal de car├ícter [C:\Users\chotir\Documents\flashscore\FlashscoreOverlay.csproj]
C:\Users\chotir\Documents\flashscore\MatchDetailWindow.xaml.cs(243,116): error CS1012: Demasiados caracteres en literal de car├ícter [C:\Users\chotir\Documents\flashscore\FlashscoreOverlay.csproj]
C:\Users\chotir\Documents\flashscore\MatchDetailWindow.xaml.cs(246,56): error CS1001: Se esperaba un identificador [C:\Users\chotir\Documents\flashscore\FlashscoreOverlay.csproj]
C:\Users\chotir\Documents\flashscore\MatchDetailWindow.xaml.cs(246,81): error CS1012: Demasiados caracteres en literal de car├ícter [C:\Users\chotir\Documents\flashscore\FlashscoreOverlay.csproj]
C:\Users\chotir\Documents\flashscore\MatchDetailWindow.xaml.cs(247,67): error CS1012: Demasiados caracteres en literal de car├ícter [C:\Users\chotir\Documents\flashscore\FlashscoreOverlay.csproj]
C:\Users\chotir\Documents\flashscore\MatchDetailWindow.xaml.cs(252,52): error CS1001: Se esperaba un identificador [C:\Users\chotir\Documents\flashscore\FlashscoreOverlay.csproj]
C:\Users\chotir\Documents\flashscore\MatchDetailWindow.xaml.cs(252,72): error CS1012: Demasiados caracteres en literal de car├ícter [C:\Users\chotir\Documents\flashscore\FlashscoreOverlay.csproj]
C:\Users\chotir\Documents\flashscore\MatchDetailWindow.xaml.cs(253,54): error CS1001: Se esperaba un identificador [C:\Users\chotir\Documents\flashscore\FlashscoreOverlay.csproj]
C:\Users\chotir\Documents\flashscore\MatchDetailWindow.xaml.cs(253,97): error CS1011: Literal de car├ícter vac├¡o [C:\Users\chotir\Documents\flashscore\FlashscoreOverlay.csproj]
C:\Users\chotir\Documents\flashscore\MatchDetailWindow.xaml.cs(256,53): error CS1011: Literal de car├ícter vac├¡o [C:\Users\chotir\Documents\flashscore\FlashscoreOverlay.csproj]
C:\Users\chotir\Documents\flashscore\MatchDetailWindow.xaml.cs(257,54): error CS1001: Se esperaba un identificador [C:\Users\chotir\Documents\flashscore\FlashscoreOverlay.csproj]
C:\Users\chotir\Documents\flashscore\MatchDetailWindow.xaml.cs(257,74): error CS1012: Demasiados caracteres en literal de car├ícter [C:\Users\chotir\Documents\flashscore\FlashscoreOverlay.csproj]
C:\Users\chotir\Documents\flashscore\MatchDetailWindow.xaml.cs(259,52): error CS1001: Se esperaba un identificador [C:\Users\chotir\Documents\flashscore\FlashscoreOverlay.csproj]
C:\Users\chotir\Documents\flashscore\MatchDetailWindow.xaml.cs(259,78): error CS1012: Demasiados caracteres en literal de car├ícter [C:\Users\chotir\Documents\flashscore\FlashscoreOverlay.csproj]
C:\Users\chotir\Documents\flashscore\MatchDetailWindow.xaml.cs(259,89): error CS1011: Literal de car├ícter vac├¡o [C:\Users\chotir\Documents\flashscore\FlashscoreOverlay.csproj]
C:\Users\chotir\Documents\flashscore\MatchDetailWindow.xaml.cs(260,69): error CS1012: Demasiados caracteres en literal de car├ícter [C:\Users\chotir\Documents\flashscore\FlashscoreOverlay.csproj]
C:\Users\chotir\Documents\flashscore\MatchDetailWindow.xaml.cs(260,86): error CS1012: Demasiados caracteres en literal de car├ícter [C:\Users\chotir\Documents\flashscore\FlashscoreOverlay.csproj]
C:\Users\chotir\Documents\flashscore\MatchDetailWindow.xaml.cs(263,63): error CS1011: Literal de car├ícter vac├¡o [C:\Users\chotir\Documents\flashscore\FlashscoreOverlay.csproj]
C:\Users\chotir\Documents\flashscore\MatchDetailWindow.xaml.cs(264,53): error CS1525: El t├®rmino de expresi├│n '=' no es v├ílido [C:\Users\chotir\Documents\flashscore\FlashscoreOverlay.csproj]
C:\Users\chotir\Documents\flashscore\MatchDetailWindow.xaml.cs(264,55): error CS1012: Demasiados caracteres en literal de car├ícter [C:\Users\chotir\Documents\flashscore\FlashscoreOverlay.csproj]
C:\Users\chotir\Documents\flashscore\MatchDetailWindow.xaml.cs(264,83): error CS1525: El t├®rmino de expresi├│n '=' no es v├ílido [C:\Users\chotir\Documents\flashscore\FlashscoreOverlay.csproj]
C:\Users\chotir\Documents\flashscore\MatchDetailWindow.xaml.cs(264,85): error CS1012: Demasiados caracteres en literal de car├ícter [C:\Users\chotir\Documents\flashscore\FlashscoreOverlay.csproj]
C:\Users\chotir\Documents\flashscore\MatchDetailWindow.xaml.cs(265,54): error CS1001: Se esperaba un identificador [C:\Users\chotir\Documents\flashscore\FlashscoreOverlay.csproj]
C:\Users\chotir\Documents\flashscore\MatchDetailWindow.xaml.cs(265,79): error CS1012: Demasiados caracteres en literal de car├ícter [C:\Users\chotir\Documents\flashscore\FlashscoreOverlay.csproj]
C:\Users\chotir\Documents\flashscore\MatchDetailWindow.xaml.cs(267,101): error CS1525: El t├®rmino de expresi├│n '/' no es v├ílido [C:\Users\chotir\Documents\flashscore\FlashscoreOverlay.csproj]
C:\Users\chotir\Documents\flashscore\MatchDetailWindow.xaml.cs(267,104): error CS1056: Car├ícter '\' inesperado [C:\Users\chotir\Documents\flashscore\FlashscoreOverlay.csproj]
C:\Users\chotir\Documents\flashscore\MatchDetailWindow.xaml.cs(267,106): error CS1525: El t├®rmino de expresi├│n '' no es v├ílido [C:\Users\chotir\Documents\flashscore\FlashscoreOverlay.csproj]
C:\Users\chotir\Documents\flashscore\MatchDetailWindow.xaml.cs(267,106): error CS1026: Se esperaba ) [C:\Users\chotir\Documents\flashscore\FlashscoreOverlay.csproj]
C:\Users\chotir\Documents\flashscore\MatchDetailWindow.xaml.cs(267,106): error CS1056: Car├ícter '\' inesperado [C:\Users\chotir\Documents\flashscore\FlashscoreOverlay.csproj]
C:\Users\chotir\Documents\flashscore\MatchDetailWindow.xaml.cs(267,107): error CS1003: Error de sintaxis, se esperaba ',' [C:\Users\chotir\Documents\flashscore\FlashscoreOverlay.csproj]
C:\Users\chotir\Documents\flashscore\MatchDetailWindow.xaml.cs(267,111): error CS1056: Car├ícter '\' inesperado [C:\Users\chotir\Documents\flashscore\FlashscoreOverlay.csproj]
C:\Users\chotir\Documents\flashscore\MatchDetailWindow.xaml.cs(267,112): error CS1003: Error de sintaxis, se esperaba ']' [C:\Users\chotir\Documents\flashscore\FlashscoreOverlay.csproj]
C:\Users\chotir\Documents\flashscore\MatchDetailWindow.xaml.cs(267,113): error CS1002: Se esperaba ; [C:\Users\chotir\Documents\flashscore\FlashscoreOverlay.csproj]
C:\Users\chotir\Documents\flashscore\MatchDetailWindow.xaml.cs(267,113): error CS1056: Car├ícter '\' inesperado [C:\Users\chotir\Documents\flashscore\FlashscoreOverlay.csproj]
C:\Users\chotir\Documents\flashscore\MatchDetailWindow.xaml.cs(267,116): error CS1056: Car├ícter '$' inesperado [C:\Users\chotir\Documents\flashscore\FlashscoreOverlay.csproj]
C:\Users\chotir\Documents\flashscore\MatchDetailWindow.xaml.cs(267,117): error CS1525: El t├®rmino de expresi├│n '/' no es v├ílido [C:\Users\chotir\Documents\flashscore\FlashscoreOverlay.csproj]
C:\Users\chotir\Documents\flashscore\MatchDetailWindow.xaml.cs(267,119): error CS1002: Se esperaba ; [C:\Users\chotir\Documents\flashscore\FlashscoreOverlay.csproj]
C:\Users\chotir\Documents\flashscore\MatchDetailWindow.xaml.cs(267,119): error CS1513: Se esperaba } [C:\Users\chotir\Documents\flashscore\FlashscoreOverlay.csproj]
C:\Users\chotir\Documents\flashscore\MatchDetailWindow.xaml.cs(267,121): error CS1011: Literal de car├ícter vac├¡o [C:\Users\chotir\Documents\flashscore\FlashscoreOverlay.csproj]
C:\Users\chotir\Documents\flashscore\MatchDetailWindow.xaml.cs(267,123): error CS1002: Se esperaba ; [C:\Users\chotir\Documents\flashscore\FlashscoreOverlay.csproj]
C:\Users\chotir\Documents\flashscore\MatchDetailWindow.xaml.cs(267,123): error CS1513: Se esperaba } [C:\Users\chotir\Documents\flashscore\FlashscoreOverlay.csproj]
C:\Users\chotir\Documents\flashscore\MatchDetailWindow.xaml.cs(269,60): error CS1525: El t├®rmino de expresi├│n '=' no es v├ílido [C:\Users\chotir\Documents\flashscore\FlashscoreOverlay.csproj]
C:\Users\chotir\Documents\flashscore\MatchDetailWindow.xaml.cs(269,62): error CS1012: Demasiados caracteres en literal de car├ícter [C:\Users\chotir\Documents\flashscore\FlashscoreOverlay.csproj]
C:\Users\chotir\Documents\flashscore\MatchDetailWindow.xaml.cs(270,56): error CS1001: Se esperaba un identificador [C:\Users\chotir\Documents\flashscore\FlashscoreOverlay.csproj]
C:\Users\chotir\Documents\flashscore\MatchDetailWindow.xaml.cs(270,76): error CS1012: Demasiados caracteres en literal de car├ícter [C:\Users\chotir\Documents\flashscore\FlashscoreOverlay.csproj]
C:\Users\chotir\Documents\flashscore\MatchDetailWindow.xaml.cs(272,67): error CS1012: Demasiados caracteres en literal de car├ícter [C:\Users\chotir\Documents\flashscore\FlashscoreOverlay.csproj]
C:\Users\chotir\Documents\flashscore\MatchDetailWindow.xaml.cs(272,115): error CS1525: El t├®rmino de expresi├│n '/' no es v├ílido [C:\Users\chotir\Documents\flashscore\FlashscoreOverlay.csproj]
C:\Users\chotir\Documents\flashscore\MatchDetailWindow.xaml.cs(272,118): error CS1056: Car├ícter '\' inesperado [C:\Users\chotir\Documents\flashscore\FlashscoreOverlay.csproj]
C:\Users\chotir\Documents\flashscore\MatchDetailWindow.xaml.cs(272,120): error CS1525: El t├®rmino de expresi├│n '' no es v├ílido [C:\Users\chotir\Documents\flashscore\FlashscoreOverlay.csproj]
C:\Users\chotir\Documents\flashscore\MatchDetailWindow.xaml.cs(272,120): error CS1026: Se esperaba ) [C:\Users\chotir\Documents\flashscore\FlashscoreOverlay.csproj]
C:\Users\chotir\Documents\flashscore\MatchDetailWindow.xaml.cs(272,120): error CS1056: Car├ícter '\' inesperado [C:\Users\chotir\Documents\flashscore\FlashscoreOverlay.csproj]
C:\Users\chotir\Documents\flashscore\MatchDetailWindow.xaml.cs(272,121): error CS1003: Error de sintaxis, se esperaba ',' [C:\Users\chotir\Documents\flashscore\FlashscoreOverlay.csproj]
C:\Users\chotir\Documents\flashscore\MatchDetailWindow.xaml.cs(272,125): error CS1056: Car├ícter '\' inesperado [C:\Users\chotir\Documents\flashscore\FlashscoreOverlay.csproj]
C:\Users\chotir\Documents\flashscore\MatchDetailWindow.xaml.cs(272,126): error CS1003: Error de sintaxis, se esperaba ']' [C:\Users\chotir\Documents\flashscore\FlashscoreOverlay.csproj]
C:\Users\chotir\Documents\flashscore\MatchDetailWindow.xaml.cs(272,127): error CS1002: Se esperaba ; [C:\Users\chotir\Documents\flashscore\FlashscoreOverlay.csproj]
C:\Users\chotir\Documents\flashscore\MatchDetailWindow.xaml.cs(272,127): error CS1056: Car├ícter '\' inesperado [C:\Users\chotir\Documents\flashscore\FlashscoreOverlay.csproj]
C:\Users\chotir\Documents\flashscore\MatchDetailWindow.xaml.cs(272,130): error CS1056: Car├ícter '$' inesperado [C:\Users\chotir\Documents\flashscore\FlashscoreOverlay.csproj]
C:\Users\chotir\Documents\flashscore\MatchDetailWindow.xaml.cs(272,131): error CS1525: El t├®rmino de expresi├│n '/' no es v├ílido [C:\Users\chotir\Documents\flashscore\FlashscoreOverlay.csproj]
C:\Users\chotir\Documents\flashscore\MatchDetailWindow.xaml.cs(272,133): error CS1002: Se esperaba ; [C:\Users\chotir\Documents\flashscore\FlashscoreOverlay.csproj]
C:\Users\chotir\Documents\flashscore\MatchDetailWindow.xaml.cs(272,133): error CS1513: Se esperaba } [C:\Users\chotir\Documents\flashscore\FlashscoreOverlay.csproj]
C:\Users\chotir\Documents\flashscore\MatchDetailWindow.xaml.cs(272,135): error CS1011: Literal de car├ícter vac├¡o [C:\Users\chotir\Documents\flashscore\FlashscoreOverlay.csproj]
C:\Users\chotir\Documents\flashscore\MatchDetailWindow.xaml.cs(272,137): error CS1002: Se esperaba ; [C:\Users\chotir\Documents\flashscore\FlashscoreOverlay.csproj]
C:\Users\chotir\Documents\flashscore\MatchDetailWindow.xaml.cs(272,137): error CS1513: Se esperaba } [C:\Users\chotir\Documents\flashscore\FlashscoreOverlay.csproj]
C:\Users\chotir\Documents\flashscore\MatchDetailWindow.xaml.cs(276,49): error CS1026: Se esperaba ) [C:\Users\chotir\Documents\flashscore\FlashscoreOverlay.csproj]
C:\Users\chotir\Documents\flashscore\MatchDetailWindow.xaml.cs(276,49): error CS1002: Se esperaba ; [C:\Users\chotir\Documents\flashscore\FlashscoreOverlay.csproj]
C:\Users\chotir\Documents\flashscore\MatchDetailWindow.xaml.cs(277,56): error CS1002: Se esperaba ; [C:\Users\chotir\Documents\flashscore\FlashscoreOverlay.csproj]
C:\Users\chotir\Documents\flashscore\MatchDetailWindow.xaml.cs(277,56): error CS1513: Se esperaba } [C:\Users\chotir\Documents\flashscore\FlashscoreOverlay.csproj]
C:\Users\chotir\Documents\flashscore\MatchDetailWindow.xaml.cs(278,60): error CS1002: Se esperaba ; [C:\Users\chotir\Documents\flashscore\FlashscoreOverlay.csproj]
C:\Users\chotir\Documents\flashscore\MatchDetailWindow.xaml.cs(278,60): error CS1513: Se esperaba } [C:\Users\chotir\Documents\flashscore\FlashscoreOverlay.csproj]
C:\Users\chotir\Documents\flashscore\MatchDetailWindow.xaml.cs(279,63): error CS1002: Se esperaba ; [C:\Users\chotir\Documents\flashscore\FlashscoreOverlay.csproj]
C:\Users\chotir\Documents\flashscore\MatchDetailWindow.xaml.cs(279,63): error CS1513: Se esperaba } [C:\Users\chotir\Documents\flashscore\FlashscoreOverlay.csproj]
C:\Users\chotir\Documents\flashscore\MatchDetailWindow.xaml.cs(280,61): error CS1002: Se esperaba ; [C:\Users\chotir\Documents\flashscore\FlashscoreOverlay.csproj]
C:\Users\chotir\Documents\flashscore\MatchDetailWindow.xaml.cs(280,61): error CS1513: Se esperaba } [C:\Users\chotir\Documents\flashscore\FlashscoreOverlay.csproj]
C:\Users\chotir\Documents\flashscore\MatchDetailWindow.xaml.cs(281,59): error CS1002: Se esperaba ; [C:\Users\chotir\Documents\flashscore\FlashscoreOverlay.csproj]
C:\Users\chotir\Documents\flashscore\MatchDetailWindow.xaml.cs(281,59): error CS1513: Se esperaba } [C:\Users\chotir\Documents\flashscore\FlashscoreOverlay.csproj]
C:\Users\chotir\Documents\flashscore\MatchDetailWindow.xaml.cs(282,81): error CS1002: Se esperaba ; [C:\Users\chotir\Documents\flashscore\FlashscoreOverlay.csproj]
C:\Users\chotir\Documents\flashscore\MatchDetailWindow.xaml.cs(283,38): error CS1022: Se esperaba una definici├│n de tipo o espacio de nombres, o el fin del archivo [C:\Users\chotir\Documents\flashscore\FlashscoreOverlay.csproj]
C:\Users\chotir\Documents\flashscore\MatchDetailWindow.xaml.cs(284,33): error CS1022: Se esperaba una definici├│n de tipo o espacio de nombres, o el fin del archivo [C:\Users\chotir\Documents\flashscore\FlashscoreOverlay.csproj]
C:\Users\chotir\Documents\flashscore\MatchDetailWindow.xaml.cs(284,35): error CS1022: Se esperaba una definici├│n de tipo o espacio de nombres, o el fin del archivo [C:\Users\chotir\Documents\flashscore\FlashscoreOverlay.csproj]
C:\Users\chotir\Documents\flashscore\MatchDetailWindow.xaml.cs(284,50): error CS1002: Se esperaba ; [C:\Users\chotir\Documents\flashscore\FlashscoreOverlay.csproj]
C:\Users\chotir\Documents\flashscore\MatchDetailWindow.xaml.cs(285,29): error CS1022: Se esperaba una definici├│n de tipo o espacio de nombres, o el fin del archivo [C:\Users\chotir\Documents\flashscore\FlashscoreOverlay.csproj]
C:\Users\chotir\Documents\flashscore\MatchDetailWindow.xaml.cs(288,49): error CS1011: Literal de car├ícter vac├¡o [C:\Users\chotir\Documents\flashscore\FlashscoreOverlay.csproj]
C:\Users\chotir\Documents\flashscore\MatchDetailWindow.xaml.cs(291,47): error CS1001: Se esperaba un identificador [C:\Users\chotir\Documents\flashscore\FlashscoreOverlay.csproj]
C:\Users\chotir\Documents\flashscore\MatchDetailWindow.xaml.cs(291,72): error CS1012: Demasiados caracteres en literal de car├ícter [C:\Users\chotir\Documents\flashscore\FlashscoreOverlay.csproj]
C:\Users\chotir\Documents\flashscore\MatchDetailWindow.xaml.cs(296,54): error CS1001: Se esperaba un identificador [C:\Users\chotir\Documents\flashscore\FlashscoreOverlay.csproj]
C:\Users\chotir\Documents\flashscore\MatchDetailWindow.xaml.cs(296,79): error CS1012: Demasiados caracteres en literal de car├ícter [C:\Users\chotir\Documents\flashscore\FlashscoreOverlay.csproj]
C:\Users\chotir\Documents\flashscore\MatchDetailWindow.xaml.cs(298,52): error CS1001: Se esperaba un identificador [C:\Users\chotir\Documents\flashscore\FlashscoreOverlay.csproj]
C:\Users\chotir\Documents\flashscore\MatchDetailWindow.xaml.cs(298,79): error CS1012: Demasiados caracteres en literal de car├ícter [C:\Users\chotir\Documents\flashscore\FlashscoreOverlay.csproj]
C:\Users\chotir\Documents\flashscore\MatchDetailWindow.xaml.cs(302,65): error CS1011: Literal de car├ícter vac├¡o [C:\Users\chotir\Documents\flashscore\FlashscoreOverlay.csproj]
C:\Users\chotir\Documents\flashscore\MatchDetailWindow.xaml.cs(304,42): error CS1001: Se esperaba un identificador [C:\Users\chotir\Documents\flashscore\FlashscoreOverlay.csproj]
C:\Users\chotir\Documents\flashscore\MatchDetailWindow.xaml.cs(305,37): error CS1513: Se esperaba } [C:\Users\chotir\Documents\flashscore\FlashscoreOverlay.csproj]
C:\Users\chotir\Documents\flashscore\MatchDetailWindow.xaml.cs(305,37): error CS1002: Se esperaba ; [C:\Users\chotir\Documents\flashscore\FlashscoreOverlay.csproj]
C:\Users\chotir\Documents\flashscore\MatchDetailWindow.xaml.cs(305,37): error CS1022: Se esperaba una definici├│n de tipo o espacio de nombres, o el fin del archivo [C:\Users\chotir\Documents\flashscore\FlashscoreOverlay.csproj]
C:\Users\chotir\Documents\flashscore\MatchDetailWindow.xaml.cs(305,39): error CS1012: Demasiados caracteres en literal de car├ícter [C:\Users\chotir\Documents\flashscore\FlashscoreOverlay.csproj]
C:\Users\chotir\Documents\flashscore\MatchDetailWindow.xaml.cs(305,52): error CS1002: Se esperaba ; [C:\Users\chotir\Documents\flashscore\FlashscoreOverlay.csproj]
C:\Users\chotir\Documents\flashscore\MatchDetailWindow.xaml.cs(305,52): error CS1022: Se esperaba una definici├│n de tipo o espacio de nombres, o el fin del archivo [C:\Users\chotir\Documents\flashscore\FlashscoreOverlay.csproj]
C:\Users\chotir\Documents\flashscore\MatchDetailWindow.xaml.cs(306,53): error CS1002: Se esperaba ; [C:\Users\chotir\Documents\flashscore\FlashscoreOverlay.csproj]
C:\Users\chotir\Documents\flashscore\MatchDetailWindow.xaml.cs(306,53): error CS1022: Se esperaba una definici├│n de tipo o espacio de nombres, o el fin del archivo [C:\Users\chotir\Documents\flashscore\FlashscoreOverlay.csproj]
C:\Users\chotir\Documents\flashscore\MatchDetailWindow.xaml.cs(307,53): error CS1002: Se esperaba ; [C:\Users\chotir\Documents\flashscore\FlashscoreOverlay.csproj]
C:\Users\chotir\Documents\flashscore\MatchDetailWindow.xaml.cs(307,53): error CS1022: Se esperaba una definici├│n de tipo o espacio de nombres, o el fin del archivo [C:\Users\chotir\Documents\flashscore\FlashscoreOverlay.csproj]
C:\Users\chotir\Documents\flashscore\MatchDetailWindow.xaml.cs(308,46): error CS1002: Se esperaba ; [C:\Users\chotir\Documents\flashscore\FlashscoreOverlay.csproj]
C:\Users\chotir\Documents\flashscore\MatchDetailWindow.xaml.cs(308,46): error CS1022: Se esperaba una definici├│n de tipo o espacio de nombres, o el fin del archivo [C:\Users\chotir\Documents\flashscore\FlashscoreOverlay.csproj]
C:\Users\chotir\Documents\flashscore\MatchDetailWindow.xaml.cs(309,47): error CS1002: Se esperaba ; [C:\Users\chotir\Documents\flashscore\FlashscoreOverlay.csproj]
C:\Users\chotir\Documents\flashscore\MatchDetailWindow.xaml.cs(309,47): error CS1022: Se esperaba una definici├│n de tipo o espacio de nombres, o el fin del archivo [C:\Users\chotir\Documents\flashscore\FlashscoreOverlay.csproj]
C:\Users\chotir\Documents\flashscore\MatchDetailWindow.xaml.cs(310,47): error CS1002: Se esperaba ; [C:\Users\chotir\Documents\flashscore\FlashscoreOverlay.csproj]
C:\Users\chotir\Documents\flashscore\MatchDetailWindow.xaml.cs(310,47): error CS1022: Se esperaba una definici├│n de tipo o espacio de nombres, o el fin del archivo [C:\Users\chotir\Documents\flashscore\FlashscoreOverlay.csproj]
C:\Users\chotir\Documents\flashscore\MatchDetailWindow.xaml.cs(311,61): error CS1002: Se esperaba ; [C:\Users\chotir\Documents\flashscore\FlashscoreOverlay.csproj]
C:\Users\chotir\Documents\flashscore\MatchDetailWindow.xaml.cs(311,61): error CS1022: Se esperaba una definici├│n de tipo o espacio de nombres, o el fin del archivo [C:\Users\chotir\Documents\flashscore\FlashscoreOverlay.csproj]
C:\Users\chotir\Documents\flashscore\MatchDetailWindow.xaml.cs(312,47): error CS1002: Se esperaba ; [C:\Users\chotir\Documents\flashscore\FlashscoreOverlay.csproj]
C:\Users\chotir\Documents\flashscore\MatchDetailWindow.xaml.cs(312,47): error CS1022: Se esperaba una definici├│n de tipo o espacio de nombres, o el fin del archivo [C:\Users\chotir\Documents\flashscore\FlashscoreOverlay.csproj]
C:\Users\chotir\Documents\flashscore\MatchDetailWindow.xaml.cs(313,54): error CS1002: Se esperaba ; [C:\Users\chotir\Documents\flashscore\FlashscoreOverlay.csproj]
C:\Users\chotir\Documents\flashscore\MatchDetailWindow.xaml.cs(314,29): error CS1022: Se esperaba una definici├│n de tipo o espacio de nombres, o el fin del archivo [C:\Users\chotir\Documents\flashscore\FlashscoreOverlay.csproj]
C:\Users\chotir\Documents\flashscore\MatchDetailWindow.xaml.cs(317,25): error CS1022: Se esperaba una definici├│n de tipo o espacio de nombres, o el fin del archivo [C:\Users\chotir\Documents\flashscore\FlashscoreOverlay.csproj]
C:\Users\chotir\Documents\flashscore\MatchDetailWindow.xaml.cs(317,27): error CS1022: Se esperaba una definici├│n de tipo o espacio de nombres, o el fin del archivo [C:\Users\chotir\Documents\flashscore\FlashscoreOverlay.csproj]
C:\Users\chotir\Documents\flashscore\MatchDetailWindow.xaml.cs(317,39): error CS1002: Se esperaba ; [C:\Users\chotir\Documents\flashscore\FlashscoreOverlay.csproj]
C:\Users\chotir\Documents\flashscore\MatchDetailWindow.xaml.cs(318,43): error CS1012: Demasiados caracteres en literal de car├ícter [C:\Users\chotir\Documents\flashscore\FlashscoreOverlay.csproj]
C:\Users\chotir\Documents\flashscore\MatchDetailWindow.xaml.cs(320,21): error CS1022: Se esperaba una definici├│n de tipo o espacio de nombres, o el fin del archivo [C:\Users\chotir\Documents\flashscore\FlashscoreOverlay.csproj]
C:\Users\chotir\Documents\flashscore\MatchDetailWindow.xaml.cs(325,33): error CS1012: Demasiados caracteres en literal de car├ícter [C:\Users\chotir\Documents\flashscore\FlashscoreOverlay.csproj]
C:\Users\chotir\Documents\flashscore\MatchDetailWindow.xaml.cs(326,17): error CS1022: Se esperaba una definici├│n de tipo o espacio de nombres, o el fin del archivo [C:\Users\chotir\Documents\flashscore\FlashscoreOverlay.csproj]
C:\Users\chotir\Documents\flashscore\MatchDetailWindow.xaml.cs(326,18): error CS1022: Se esperaba una definici├│n de tipo o espacio de nombres, o el fin del archivo [C:\Users\chotir\Documents\flashscore\FlashscoreOverlay.csproj]
C:\Users\chotir\Documents\flashscore\MatchDetailWindow.xaml.cs(326,20): error CS1525: El t├®rmino de expresi├│n ')' no es v├ílido [C:\Users\chotir\Documents\flashscore\FlashscoreOverlay.csproj]
C:\Users\chotir\Documents\flashscore\MatchDetailWindow.xaml.cs(327,13): error CS1010: Nueva l├¡nea en constante [C:\Users\chotir\Documents\flashscore\FlashscoreOverlay.csproj]
C:\Users\chotir\Documents\flashscore\MatchDetailWindow.xaml.cs(327,15): error CS1002: Se esperaba ; [C:\Users\chotir\Documents\flashscore\FlashscoreOverlay.csproj]
C:\Users\chotir\Documents\flashscore\MatchDetailWindow.xaml.cs(339,9): error CS1022: Se esperaba una definici├│n de tipo o espacio de nombres, o el fin del archivo [C:\Users\chotir\Documents\flashscore\FlashscoreOverlay.csproj]
C:\Users\chotir\Documents\flashscore\MatchDetailWindow.xaml.cs(341,9): error CS0106: El modificador 'private' no es v├ílido para este elemento [C:\Users\chotir\Documents\flashscore\FlashscoreOverlay.csproj]
C:\Users\chotir\Documents\flashscore\MatchDetailWindow.xaml.cs(352,5): error CS1022: Se esperaba una definici├│n de tipo o espacio de nombres, o el fin del archivo [C:\Users\chotir\Documents\flashscore\FlashscoreOverlay.csproj]
C:\Users\chotir\Documents\flashscore\MatchDetailWindow.xaml.cs(411,1): error CS1022: Se esperaba una definici├│n de tipo o espacio de nombres, o el fin del archivo [C:\Users\chotir\Documents\flashscore\FlashscoreOverlay.csproj]
    0 Advertencia(s)
    267 Errores

Tiempo transcurrido 00:00:02.05
